<html>
<body>
<pre>
<h1>礦ision Build Log</h1>
<h2>Tool Versions:</h2>
IDE-Version: μVision V5.23.0.0
Copyright (C) 2017 ARM Ltd and ARM Germany GmbH. All rights reserved.
License Information: vcasw Microsoft, Microsoft, LIC=YA374-FI3QQ-R9MG6-D4RS6-RY7SF-UNVIN
 
Tool Versions:
Toolchain:       MDK-ARM Plus  Version: 5.23
Toolchain Path:  D:\MDK5\ARM\ARMCC\Bin
C Compiler:      Armcc.exe V5.06 update 4 (build 422)
Assembler:       Armasm.exe V5.06 update 4 (build 422)
Linker/Locator:  ArmLink.exe V5.06 update 4 (build 422)
Library Manager: ArmAr.exe V5.06 update 4 (build 422)
Hex Converter:   FromElf.exe V5.06 update 4 (build 422)
CPU DLL:         SARMCM3.DLL V5.23
Dialog DLL:      DCM.DLL V1.15.0.0
Target DLL:      Segger\JL2CM3.dll V2.99.20.0
Dialog DLL:      TCM.DLL V1.27.0.0
 
<h2>Project:</h2>
E:\project\蓝牙网关\Software\Gateway\V100R010_备份\V13以上\BS_V100R010C01B143_20190409_PEIMING\app\Project\MDK-ARM(uV4)\project.uvprojx
Project File Date:  04/22/2019

<h2>Output:</h2>
*** Using Compiler 'V5.06 update 4 (build 422)', folder: 'D:\MDK5\ARM\ARMCC\Bin'
Build target 'Flash'
compiling app_flash.c...
..\..\User\app\src\app_flash.c(66): warning:  #177-D: variable "tmp"  was declared but never referenced
  	uint8_t tmp;
..\..\User\app\src\app_flash.c(233): warning:  #177-D: variable "i"  was declared but never referenced
  	uint16_t crcdata,i;
..\..\User\app\src\app_flash.c(279): warning:  #177-D: variable "j"  was declared but never referenced
  	uint8_t i,j,err,failfalg=0;
..\..\User\app\src\app_flash.c: 3 warnings, 0 errors
linking...
Program Size: Code=49728 RO-data=7508 RW-data=1176 ZI-data=60512  
FromELF: creating hex file...
After Build - User command #1: D:\MDK5\ARM\ARMCC\bin\fromelf.exe --bin -o  ./Flash/Obj/output.bin  ./Flash/Obj/output.axf
".\Flash\Obj\output.axf" - 0 Error(s), 3 Warning(s).

<h2>Software Packages used:</h2>

Package Vendor: ARM
                http://www.keil.com/pack/ARM.CMSIS.5.0.1.pack
                ARM::CMSIS:CORE:5.0.1
                CMSIS (Cortex Microcontroller Software Interface Standard)
   * Component: CORE Version: 5.0.1

<h2>Collection of Component include folders:</h2>
  .\RTE\_Flash
  D:\MDK5\ARM\CMSIS\5.0.1\CMSIS\Include
  D:\MDK5\Keil\STM32F1xx_DFP\2.0.0\Device\Include

<h2>Collection of Component Files used:</h2>

   * Component: ARM::CMSIS:CORE:5.0.1
Build Time Elapsed:  00:00:03
</pre>
</body>
</html>
