Component: ARM Compiler 5.06 update 4 (build 422) Tool: armlink [4d35d2]

==============================================================================

Section Cross References

    main.o(i.AppObjCreate) refers to queue.o(i.xQueueGenericCreate) for xQueueGenericCreate
    main.o(i.AppObjCreate) refers to printfa.o(i.__0printf) for __2printf
    main.o(i.AppObjCreate) refers to event_groups.o(i.xEventGroupCreate) for xEventGroupCreate
    main.o(i.AppObjCreate) refers to timers.o(i.xTimerCreate) for xTimerCreate
    main.o(i.AppObjCreate) refers to tasks.o(i.xTaskGetTickCount) for xTaskGetTickCount
    main.o(i.AppObjCreate) refers to timers.o(i.xTimerGenericCommand) for xTimerGenericCommand
    main.o(i.AppObjCreate) refers to main.o(.data) for xSemaphore
    main.o(i.AppObjCreate) refers to main.o(i.vPingTimerCallback) for vPingTimerCallback
    main.o(i.AppTaskCreate) refers to tasks.o(i.xTaskGenericCreate) for xTaskGenericCreate
    main.o(i.AppTaskCreate) refers to main.o(.data) for xHandleTaskWEB
    main.o(i.AppTaskCreate) refers to main.o(i.vTaskTaskWEB) for vTaskTaskWEB
    main.o(i.AppTaskCreate) refers to main.o(i.vTaskTaskBleIF) for vTaskTaskBleIF
    main.o(i.AppTaskCreate) refers to main.o(i.vTaskStart) for vTaskStart
    main.o(i.AppTaskCreate) refers to main.o(i.vTaskMsgPro) for vTaskMsgPro
    main.o(i.EXTI15_10_IRQHandler) refers to stm32f10x_exti.o(i.EXTI_GetITStatus) for EXTI_GetITStatus
    main.o(i.EXTI15_10_IRQHandler) refers to stm32f10x_exti.o(i.EXTI_ClearITPendingBit) for EXTI_ClearITPendingBit
    main.o(i.EXTI15_10_IRQHandler) refers to app_flash.o(i.delay_ms) for delay_ms
    main.o(i.EXTI15_10_IRQHandler) refers to stm32f10x_gpio.o(i.GPIO_ReadInputDataBit) for GPIO_ReadInputDataBit
    main.o(i.EXTI15_10_IRQHandler) refers to bsp_led.o(i.bsp_LedOn) for bsp_LedOn
    main.o(i.EXTI15_10_IRQHandler) refers to timer.o(i.key_timer_Start) for key_timer_Start
    main.o(i.EXTI15_10_IRQHandler) refers to bsp_key.o(i.bsp_Initkey_Triggertype) for bsp_Initkey_Triggertype
    main.o(i.EXTI15_10_IRQHandler) refers to bsp_led.o(i.bsp_LedOff) for bsp_LedOff
    main.o(i.EXTI15_10_IRQHandler) refers to timer.o(i.key_timer_Stop) for key_timer_Stop
    main.o(i.EXTI15_10_IRQHandler) refers to app_flash.o(.bss) for sysCfg
    main.o(i.EXTI9_5_IRQHandler) refers to stm32f10x_exti.o(i.EXTI_GetITStatus) for EXTI_GetITStatus
    main.o(i.EXTI9_5_IRQHandler) refers to stm32f10x_exti.o(i.EXTI_ClearITPendingBit) for EXTI_ClearITPendingBit
    main.o(i.EXTI9_5_IRQHandler) refers to queue.o(i.xQueueGiveFromISR) for xQueueGiveFromISR
    main.o(i.EXTI9_5_IRQHandler) refers to main.o(.data) for xSemaphore
    main.o(i.TIM2_IRQHandler) refers to stm32f10x_tim.o(i.TIM_GetITStatus) for TIM_GetITStatus
    main.o(i.TIM2_IRQHandler) refers to stm32f10x_tim.o(i.TIM_ClearITPendingBit) for TIM_ClearITPendingBit
    main.o(i.TIM2_IRQHandler) refers to bsp_cpu_flash.o(i.bsp_WriteCpuFlash) for bsp_WriteCpuFlash
    main.o(i.TIM2_IRQHandler) refers to mqtt.o(i.mqtt_disconnect) for mqtt_disconnect
    main.o(i.TIM2_IRQHandler) refers to app_flash.o(i.delay_ms) for delay_ms
    main.o(i.TIM2_IRQHandler) refers to app_flash.o(.bss) for sysCfg
    main.o(i.main) refers to bsp.o(i.bsp_Init) for bsp_Init
    main.o(i.main) refers to app_flash.o(i.app_flash_LoadSysConfig) for app_flash_LoadSysConfig
    main.o(i.main) refers to main.o(i.AppTaskCreate) for AppTaskCreate
    main.o(i.main) refers to main.o(i.AppObjCreate) for AppObjCreate
    main.o(i.main) refers to tasks.o(i.vTaskStartScheduler) for vTaskStartScheduler
    main.o(i.vPingTimerCallback) refers to port.o(.emb_text) for ulPortSetInterruptMask
    main.o(i.vPingTimerCallback) refers to mqtt.o(i.Heartbeat) for Heartbeat
    main.o(i.vPingTimerCallback) refers to tasks.o(i.vTaskDelay) for vTaskDelay
    main.o(i.vPingTimerCallback) refers to app_flash.o(.bss) for sysCfg
    main.o(i.vTaskCheckNet) refers to event_groups.o(i.xEventGroupWaitBits) for xEventGroupWaitBits
    main.o(i.vTaskCheckNet) refers to wizchip_conf.o(i.ctlwizchip) for ctlwizchip
    main.o(i.vTaskCheckNet) refers to app_system.o(i.app_system_NetLedToggle) for app_system_NetLedToggle
    main.o(i.vTaskCheckNet) refers to ntp.o(i.do_ntp_client) for do_ntp_client
    main.o(i.vTaskCheckNet) refers to tasks.o(i.vTaskDelay) for vTaskDelay
    main.o(i.vTaskCheckNet) refers to app_system.o(i.app_system_CheckID) for app_system_CheckID
    main.o(i.vTaskCheckNet) refers to app_nrf52832.o(i.app_nrf_GetNewStation) for app_nrf_GetNewStation
    main.o(i.vTaskCheckNet) refers to event_groups.o(i.xEventGroupSetBits) for xEventGroupSetBits
    main.o(i.vTaskCheckNet) refers to timers.o(i.xTimerGenericCommand) for xTimerGenericCommand
    main.o(i.vTaskCheckNet) refers to bsp_led.o(i.bsp_LedOff) for bsp_LedOff
    main.o(i.vTaskCheckNet) refers to bsp_led.o(i.bsp_LedOn) for bsp_LedOn
    main.o(i.vTaskCheckNet) refers to app_system.o(i.app_system_MqttConnect) for app_system_MqttConnect
[...]
    __I$use$fp                               0x080087f3   Thumb Code     0  iusefp.o(.text)
    _float_round                             0x080087f3   Thumb Code    18  fepilogue.o(.text)
    _float_epilogue                          0x08008805   Thumb Code    92  fepilogue.o(.text)
    _double_round                            0x08008861   Thumb Code    30  depilogue.o(.text)
    _double_epilogue                         0x0800887f   Thumb Code   156  depilogue.o(.text)
    __aeabi_d2ulz                            0x0800891b   Thumb Code    48  dfixul.o(.text)
    __scatterload                            0x0800894d   Thumb Code    28  init.o(.text)
    __scatterload_rt2                        0x0800894d   Thumb Code     0  init.o(.text)
    __decompress                             0x08008971   Thumb Code     0  __dczerorl2.o(.text)
    __decompress1                            0x08008971   Thumb Code    86  __dczerorl2.o(.text)
    BusFault_Handler                         0x08008c15   Thumb Code     4  stm32f10x_it.o(i.BusFault_Handler)
    ComToUart                                0x08008c19   Thumb Code    44  bsp_uart_fifo.o(i.ComToUart)
    DHCP_init                                0x08008c8d   Thumb Code   150  dhcp.o(i.DHCP_init)
    DHCP_run                                 0x08008d3d   Thumb Code   470  dhcp.o(i.DHCP_run)
    DMA_Cmd                                  0x08009001   Thumb Code    24  stm32f10x_dma.o(i.DMA_Cmd)
    DMA_DeInit                               0x08009019   Thumb Code   324  stm32f10x_dma.o(i.DMA_DeInit)
    DMA_Init                                 0x08009165   Thumb Code    60  stm32f10x_dma.o(i.DMA_Init)
    DNS_time_handler                         0x080091a1   Thumb Code    12  dns.o(i.DNS_time_handler)
    DebugMon_Handler                         0x080091b1   Thumb Code     2  stm32f10x_it.o(i.DebugMon_Handler)
    EXTI15_10_IRQHandler                     0x080091b5   Thumb Code   106  main.o(i.EXTI15_10_IRQHandler)
    EXTI9_5_IRQHandler                       0x08009229   Thumb Code    46  main.o(i.EXTI9_5_IRQHandler)
    EXTI_ClearITPendingBit                   0x08009261   Thumb Code     6  stm32f10x_exti.o(i.EXTI_ClearITPendingBit)
    EXTI_GetITStatus                         0x0800926d   Thumb Code    34  stm32f10x_exti.o(i.EXTI_GetITStatus)
    EXTI_Init                                0x08009295   Thumb Code   142  stm32f10x_exti.o(i.EXTI_Init)
    ErrorLog                                 0x08009329   Thumb Code   288  app_device_alarm.o(i.ErrorLog)
    FLASH_ClearFlag                          0x08009479   Thumb Code     6  stm32f10x_flash.o(i.FLASH_ClearFlag)
    FLASH_ErasePage                          0x08009485   Thumb Code    72  stm32f10x_flash.o(i.FLASH_ErasePage)
    FLASH_GetBank1Status                     0x080094d1   Thumb Code    48  stm32f10x_flash.o(i.FLASH_GetBank1Status)
    FLASH_Lock                               0x08009505   Thumb Code    14  stm32f10x_flash.o(i.FLASH_Lock)
    FLASH_ProgramHalfWord                    0x08009531   Thumb Code    60  stm32f10x_flash.o(i.FLASH_ProgramHalfWord)
    FLASH_Unlock                             0x08009571   Thumb Code    12  stm32f10x_flash.o(i.FLASH_Unlock)
    FLASH_WaitForLastOperation               0x08009589   Thumb Code    38  stm32f10x_flash.o(i.FLASH_WaitForLastOperation)
    GPIO_EXTILineConfig                      0x080095b1   Thumb Code    60  stm32f10x_gpio.o(i.GPIO_EXTILineConfig)
    GPIO_Init                                0x080095f1   Thumb Code   278  stm32f10x_gpio.o(i.GPIO_Init)
    GPIO_PinRemapConfig                      0x08009709   Thumb Code   138  stm32f10x_gpio.o(i.GPIO_PinRemapConfig)
    GPIO_ReadInputDataBit                    0x08009799   Thumb Code    18  stm32f10x_gpio.o(i.GPIO_ReadInputDataBit)
    GPIO_ResetBits                           0x080097ab   Thumb Code     4  stm32f10x_gpio.o(i.GPIO_ResetBits)
    GPIO_SetBits                             0x080097af   Thumb Code     4  stm32f10x_gpio.o(i.GPIO_SetBits)
    HardFault_Handler                        0x080097b5   Thumb Code    40  stm32f10x_it.o(i.HardFault_Handler)
    Heartbeat                                0x0800980d   Thumb Code    70  mqtt.o(i.Heartbeat)
    IWDG_Enable                              0x08009855   Thumb Code    10  stm32f10x_iwdg.o(i.IWDG_Enable)
    IWDG_Feed                                0x08009865   Thumb Code     8  bsp_iwdg.o(i.IWDG_Feed)
    IWDG_ReloadCounter                       0x0800986d   Thumb Code    10  stm32f10x_iwdg.o(i.IWDG_ReloadCounter)
    IWDG_SetPrescaler                        0x0800987d   Thumb Code     6  stm32f10x_iwdg.o(i.IWDG_SetPrescaler)
    IWDG_SetReload                           0x08009889   Thumb Code     6  stm32f10x_iwdg.o(i.IWDG_SetReload)
    IWDG_WriteAccessCmd                      0x08009895   Thumb Code     6  stm32f10x_iwdg.o(i.IWDG_WriteAccessCmd)
    MQTTDeserialize_connack                  0x080099e1   Thumb Code   118  mqttconnectclient.o(i.MQTTDeserialize_connack)
    MQTTDeserialize_publish                  0x08009a57   Thumb Code   168  mqttdeserializepublish.o(i.MQTTDeserialize_publish)
    MQTTPacket_decode                        0x08009aff   Thumb Code    88  mqttpacket.o(i.MQTTPacket_decode)
    MQTTPacket_decodeBuf                     0x08009b59   Thumb Code    20  mqttpacket.o(i.MQTTPacket_decodeBuf)
    MQTTPacket_encode                        0x08009b75   Thumb Code    54  mqttpacket.o(i.MQTTPacket_encode)
    MQTTPacket_len                           0x08009bad   Thumb Code    34  mqttpacket.o(i.MQTTPacket_len)
    MQTTPacket_read                          0x08009bd5   Thumb Code   102  mqttpacket.o(i.MQTTPacket_read)
    MQTTSerialize_ack                        0x08009c3b   Thumb Code   114  mqttserializepublish.o(i.MQTTSerialize_ack)
    MQTTSerialize_connect                    0x08009cad   Thumb Code   342  mqttconnectclient.o(i.MQTTSerialize_connect)
    MQTTSerialize_connectLength              0x08009e15   Thumb Code   118  mqttconnectclient.o(i.MQTTSerialize_connectLength)
    MQTTSerialize_disconnect                 0x08009e8b   Thumb Code    18  mqttconnectclient.o(i.MQTTSerialize_disconnect)
    MQTTSerialize_pingreq                    0x08009e9d   Thumb Code    18  mqttconnectclient.o(i.MQTTSerialize_pingreq)
    MQTTSerialize_puback                     0x08009eaf   Thumb Code    24  mqttserializepublish.o(i.MQTTSerialize_puback)
    MQTTSerialize_publish                    0x08009ec7   Thumb Code   176  mqttserializepublish.o(i.MQTTSerialize_publish)
    MQTTSerialize_publishLength              0x08009f77   Thumb Code    34  mqttserializepublish.o(i.MQTTSerialize_publishLength)
    MQTTSerialize_subscribe                  0x08009f99   Thumb Code   176  mqttsubscribeclient.o(i.MQTTSerialize_subscribe)
    MQTTSerialize_subscribeLength            0x0800a049   Thumb Code    46  mqttsubscribeclient.o(i.MQTTSerialize_subscribeLength)
    MQTTSerialize_zero                       0x0800a077   Thumb Code    76  mqttconnectclient.o(i.MQTTSerialize_zero)
    MQTTstrlen                               0x0800a0c3   Thumb Code    24  mqttpacket.o(i.MQTTstrlen)
    MemManage_Handler                        0x0800a0db   Thumb Code     4  stm32f10x_it.o(i.MemManage_Handler)
    NMI_Handler                              0x0800a0df   Thumb Code     2  stm32f10x_it.o(i.NMI_Handler)
    NVIC_Init                                0x0800a0e1   Thumb Code   100  misc.o(i.NVIC_Init)
    NVIC_PriorityGroupConfig                 0x0800a151   Thumb Code    10  misc.o(i.NVIC_PriorityGroupConfig)
    RCC_AHBPeriphClockCmd                    0x0800a165   Thumb Code    26  stm32f10x_rcc.o(i.RCC_AHBPeriphClockCmd)
    RCC_APB1PeriphClockCmd                   0x0800a185   Thumb Code    26  stm32f10x_rcc.o(i.RCC_APB1PeriphClockCmd)
    RCC_APB1PeriphResetCmd                   0x0800a1a5   Thumb Code    26  stm32f10x_rcc.o(i.RCC_APB1PeriphResetCmd)
    RCC_APB2PeriphClockCmd                   0x0800a1c5   Thumb Code    26  stm32f10x_rcc.o(i.RCC_APB2PeriphClockCmd)
    RCC_APB2PeriphResetCmd                   0x0800a1e5   Thumb Code    26  stm32f10x_rcc.o(i.RCC_APB2PeriphResetCmd)
    RCC_ClearFlag                            0x0800a205   Thumb Code    14  stm32f10x_rcc.o(i.RCC_ClearFlag)
    RCC_DeInit                               0x0800a219   Thumb Code    64  stm32f10x_rcc.o(i.RCC_DeInit)
    RCC_GetClocksFreq                        0x0800a265   Thumb Code   192  stm32f10x_rcc.o(i.RCC_GetClocksFreq)
    RCC_GetFlagStatus                        0x0800a339   Thumb Code    56  stm32f10x_rcc.o(i.RCC_GetFlagStatus)
    RCC_LSICmd                               0x0800a375   Thumb Code     6  stm32f10x_rcc.o(i.RCC_LSICmd)
    RS485_ReciveNew                          0x0800a381   Thumb Code     2  bsp_uart_fifo.o(i.RS485_ReciveNew)
    RS485_SendBefor                          0x0800a385   Thumb Code     8  bsp_uart_fifo.o(i.RS485_SendBefor)
    RS485_SendOver                           0x0800a391   Thumb Code     8  bsp_uart_fifo.o(i.RS485_SendOver)
    SPI_CS_Deselect                          0x0800a39d   Thumb Code    14  spi.o(i.SPI_CS_Deselect)
    SPI_CS_Select                            0x0800a3b1   Thumb Code    14  spi.o(i.SPI_CS_Select)
    SPI_Cmd                                  0x0800a3c5   Thumb Code    24  stm32f10x_spi.o(i.SPI_Cmd)
    SPI_Configuration                        0x0800a3dd   Thumb Code    84  spi.o(i.SPI_Configuration)
    SPI_CrisEnter                            0x0800a435   Thumb Code    10  spi.o(i.SPI_CrisEnter)
    SPI_CrisExit                             0x0800a43f   Thumb Code    10  spi.o(i.SPI_CrisExit)
    SPI_Init                                 0x0800a495   Thumb Code    60  stm32f10x_spi.o(i.SPI_Init)
    SPI_ReadByte                             0x0800a4f9   Thumb Code    46  spi.o(i.SPI_ReadByte)
    SPI_WriteByte                            0x0800a52d   Thumb Code    42  spi.o(i.SPI_WriteByte)
    SysTick_Handler                          0x0800a55d   Thumb Code    28  port.o(i.SysTick_Handler)
    SystemInit                               0x0800a57d   Thumb Code   218  system_stm32f10x.o(i.SystemInit)
    TIM2_IRQHandler                          0x0800a661   Thumb Code   114  main.o(i.TIM2_IRQHandler)
    TIM3_IRQHandler                          0x0800a6e5   Thumb Code    52  stm32f10x_it.o(i.TIM3_IRQHandler)
    TIM_ClearFlag                            0x0800a721   Thumb Code     6  stm32f10x_tim.o(i.TIM_ClearFlag)
    TIM_ClearITPendingBit                    0x0800a727   Thumb Code     6  stm32f10x_tim.o(i.TIM_ClearITPendingBit)
    TIM_Cmd                                  0x0800a72d   Thumb Code    24  stm32f10x_tim.o(i.TIM_Cmd)
    TIM_DeInit                               0x0800a745   Thumb Code   424  stm32f10x_tim.o(i.TIM_DeInit)
    TIM_GetITStatus                          0x0800a92d   Thumb Code    34  stm32f10x_tim.o(i.TIM_GetITStatus)
    TIM_ITConfig                             0x0800a94f   Thumb Code    18  stm32f10x_tim.o(i.TIM_ITConfig)
    TIM_TimeBaseInit                         0x0800a961   Thumb Code   122  stm32f10x_tim.o(i.TIM_TimeBaseInit)
    Timer_Config                             0x0800aa05   Thumb Code   168  timer.o(i.Timer_Config)
    Timer_Interrupts_Config                  0x0800aab1   Thumb Code    64  timer.o(i.Timer_Interrupts_Config)
    USART1_IRQHandler                        0x0800aaf1   Thumb Code    10  bsp_uart_fifo.o(i.USART1_IRQHandler)
    USART3_IRQHandler                        0x0800ab01   Thumb Code    10  bsp_uart_fifo.o(i.USART3_IRQHandler)
    USART_ClearFlag                          0x0800ab11   Thumb Code    18  stm32f10x_usart.o(i.USART_ClearFlag)
    USART_Cmd                                0x0800ab23   Thumb Code    24  stm32f10x_usart.o(i.USART_Cmd)
    USART_DMACmd                             0x0800ab3b   Thumb Code    18  stm32f10x_usart.o(i.USART_DMACmd)
    USART_GetITStatus                        0x0800ab4d   Thumb Code    84  stm32f10x_usart.o(i.USART_GetITStatus)
    USART_ITConfig                           0x0800aba1   Thumb Code    74  stm32f10x_usart.o(i.USART_ITConfig)
    USART_Init                               0x0800abed   Thumb Code   210  stm32f10x_usart.o(i.USART_Init)
    USART_ReceiveData                        0x0800acc5   Thumb Code    10  stm32f10x_usart.o(i.USART_ReceiveData)
    USART_SendData                           0x0800accf   Thumb Code     8  stm32f10x_usart.o(i.USART_SendData)
    UsageFault_Handler                       0x0800af11   Thumb Code     4  stm32f10x_it.o(i.UsageFault_Handler)
    W5500_GPIO_Configuration                 0x0800af15   Thumb Code   124  bsp.o(i.W5500_GPIO_Configuration)
    W5500_NVIC_Configuration                 0x0800af95   Thumb Code    34  bsp.o(i.W5500_NVIC_Configuration)
    WIZCHIP_READ                             0x0800afb9   Thumb Code    70  w5500.o(i.WIZCHIP_READ)
    WIZCHIP_READ_BUF                         0x0800b005   Thumb Code    94  w5500.o(i.WIZCHIP_READ_BUF)
    WIZCHIP_WRITE                            0x0800b069   Thumb Code    72  w5500.o(i.WIZCHIP_WRITE)
    WIZCHIP_WRITE_BUF                        0x0800b0b5   Thumb Code    96  w5500.o(i.WIZCHIP_WRITE_BUF)
    __0printf                                0x0800b119   Thumb Code    22  printfa.o(i.__0printf)
    __1printf                                0x0800b119   Thumb Code     0  printfa.o(i.__0printf)
    __2printf                                0x0800b119   Thumb Code     0  printfa.o(i.__0printf)
    __c89printf                              0x0800b119   Thumb Code     0  printfa.o(i.__0printf)
    printf                                   0x0800b119   Thumb Code     0  printfa.o(i.__0printf)
    __0sprintf                               0x0800b139   Thumb Code    34  printfa.o(i.__0sprintf)
    __1sprintf                               0x0800b139   Thumb Code     0  printfa.o(i.__0sprintf)
    __2sprintf                               0x0800b139   Thumb Code     0  printfa.o(i.__0sprintf)
    __c89sprintf                             0x0800b139   Thumb Code     0  printfa.o(i.__0sprintf)
    sprintf                                  0x0800b139   Thumb Code     0  printfa.o(i.__0sprintf)
    __scatterload_copy                       0x0800b161   Thumb Code    14  handlers.o(i.__scatterload_copy)
    __scatterload_null                       0x0800b16f   Thumb Code     2  handlers.o(i.__scatterload_null)
    __scatterload_zeroinit                   0x0800b171   Thumb Code    14  handlers.o(i.__scatterload_zeroinit)
    app_flash_LoadSysConfig                  0x0800ba65   Thumb Code   546  app_flash.o(i.app_flash_LoadSysConfig)
    app_nrf_ConnectBle                       0x0800bcdd   Thumb Code   200  app_nrf52832.o(i.app_nrf_ConnectBle)
    app_nrf_DealBleData                      0x0800bdb9   Thumb Code   922  app_nrf52832.o(i.app_nrf_DealBleData)
    app_nrf_DisconnectBle                    0x0800c15d   Thumb Code   174  app_nrf52832.o(i.app_nrf_DisconnectBle)
    app_nrf_GetBleData                       0x0800c21d   Thumb Code    82  app_nrf52832.o(i.app_nrf_GetBleData)
    app_nrf_GetNewStation                    0x0800c281   Thumb Code    22  app_nrf52832.o(i.app_nrf_GetNewStation)
    app_nrf_LeaveMessage                     0x0800c2e5   Thumb Code   270  app_nrf52832.o(i.app_nrf_LeaveMessage)
    app_nrf_ReadData                         0x0800c4cd   Thumb Code   184  app_nrf52832.o(i.app_nrf_ReadData)
    app_nrf_ResetStation                     0x0800c585   Thumb Code    32  app_nrf52832.o(i.app_nrf_ResetStation)
    app_nrf_UpdataBle                        0x0800c7a5   Thumb Code    98  app_nrf52832.o(i.app_nrf_UpdataBle)
    app_palt_Connectack                      0x0800c96d   Thumb Code    82  app_plat.o(i.app_palt_Connectack)
    app_palt_Receicedata                     0x0800cab1   Thumb Code   176  app_plat.o(i.app_palt_Receicedata)
    app_palt_Reportparse                     0x0800cb6d   Thumb Code   256  app_plat.o(i.app_palt_Reportparse)
    app_palt_fifoinit                        0x0800cfb5   Thumb Code    22  app_plat.o(i.app_palt_fifoinit)
    app_plat_BraceletInfoPublish             0x0800d20d   Thumb Code   176  app_plat.o(i.app_plat_BraceletInfoPublish)
    app_plat_HeartratePublish                0x0800d405   Thumb Code   160  app_plat.o(i.app_plat_HeartratePublish)
    app_plat_LocationPublish                 0x0800d4d1   Thumb Code   322  app_plat.o(i.app_plat_LocationPublish)
    app_plat_SendMessage                     0x0800d64d   Thumb Code   312  app_plat.o(i.app_plat_SendMessage)
    app_plat_SleepDataPublish                0x0800d789   Thumb Code   166  app_plat.o(i.app_plat_SleepDataPublish)
    app_plat_SportDataPublish                0x0800d859   Thumb Code   166  app_plat.o(i.app_plat_SportDataPublish)
    app_plat_usMBCRC16                       0x0800d929   Thumb Code    48  app_plat.o(i.app_plat_usMBCRC16)
    app_system_CheckID                       0x0800d961   Thumb Code   160  app_system.o(i.app_system_CheckID)
    app_system_LedOn                         0x0800da4d   Thumb Code    38  app_system.o(i.app_system_LedOn)
    app_system_MqttConnect                   0x0800da79   Thumb Code   146  app_system.o(i.app_system_MqttConnect)
    app_system_NetLedToggle                  0x0800db1d   Thumb Code    50  app_system.o(i.app_system_NetLedToggle)
    app_system_NetPublic                     0x0800db55   Thumb Code   378  app_system.o(i.app_system_NetPublic)
    app_system_Start                         0x0800dd59   Thumb Code   100  app_system.o(i.app_system_Start)
    app_system_UpdataBle                     0x0800de2d   Thumb Code   132  app_system.o(i.app_system_UpdataBle)
    atoi16                                   0x0800deb1   Thumb Code    32  utility.o(i.atoi16)
    bsp_CmpCpuFlash                          0x0800ded1   Thumb Code    68  bsp_cpu_flash.o(i.bsp_CmpCpuFlash)
    bsp_GetSector                            0x0800df19   Thumb Code     8  bsp_cpu_flash.o(i.bsp_GetSector)
    bsp_Init                                 0x0800df21   Thumb Code    88  bsp.o(i.bsp_Init)
    bsp_InitIwdg                             0x0800dfa1   Thumb Code    58  bsp_iwdg.o(i.bsp_InitIwdg)
    bsp_InitLed                              0x0800dfdd   Thumb Code   142  bsp_led.o(i.bsp_InitLed)
    bsp_InitUart                             0x0800e075   Thumb Code    26  bsp_uart_fifo.o(i.bsp_InitUart)
    bsp_InitUartDma                          0x0800e095   Thumb Code    90  bsp_dma.o(i.bsp_InitUartDma)
    bsp_Initkey                              0x0800e0f9   Thumb Code   110  bsp_key.o(i.bsp_Initkey)
    bsp_Initkey_Triggertype                  0x0800e16d   Thumb Code    34  bsp_key.o(i.bsp_Initkey_Triggertype)
    bsp_LedOff                               0x0800e191   Thumb Code    54  bsp_led.o(i.bsp_LedOff)
    bsp_LedOn                                0x0800e1cd   Thumb Code    54  bsp_led.o(i.bsp_LedOn)
    bsp_LedToggle                            0x0800e209   Thumb Code    72  bsp_led.o(i.bsp_LedToggle)
    bsp_ReadCpuFlash                         0x0800e255   Thumb Code    44  bsp_cpu_flash.o(i.bsp_ReadCpuFlash)
    bsp_WriteCpuFlash                        0x0800e285   Thumb Code   188  bsp_cpu_flash.o(i.bsp_WriteCpuFlash)
    bsp_ble_ackResponse                      0x0800e351   Thumb Code   136  bsp_mqtt_ota.o(i.bsp_ble_ackResponse)
    bsp_ota_UpdataBracelet                   0x0800e3fd   Thumb Code   546  bsp_mqtt_ota.o(i.bsp_ota_UpdataBracelet)
    bsp_ota_UpdataGateway                    0x0800e641   Thumb Code   724  bsp_mqtt_ota.o(i.bsp_ota_UpdataGateway)
    bufchar                                  0x0800e9d5   Thumb Code    36  mqttpacket.o(i.bufchar)
    c2d                                      0x0800e9fd   Thumb Code    54  utility.o(i.c2d)
    cgi_ipconfig                             0x0800ecb1   Thumb Code    80  httputil.o(i.cgi_ipconfig)
    check_DHCP_leasedIP                      0x0800ed11   Thumb Code    94  dhcp.o(i.check_DHCP_leasedIP)
    check_DHCP_timeout                       0x0800edad   Thumb Code   112  dhcp.o(i.check_DHCP_timeout)
    close                                    0x0800ee25   Thumb Code   128  socket.o(i.close)
    comClearTxFifo                           0x0800eeb1   Thumb Code    56  bsp_uart_fifo.o(i.comClearTxFifo)
    comGetChar                               0x0800eeed   Thumb Code    30  bsp_uart_fifo.o(i.comGetChar)
    comSendBuf                               0x0800ef0b   Thumb Code    38  bsp_uart_fifo.o(i.comSendBuf)
    comSendChar                              0x0800ef31   Thumb Code    16  bsp_uart_fifo.o(i.comSendChar)
    connect                                  0x0800ef41   Thumb Code   318  socket.o(i.connect)
    ctlnetwork                               0x0800f085   Thumb Code    80  wizchip_conf.o(i.ctlnetwork)
    ctlwizchip                               0x0800f0d5   Thumb Code   276  wizchip_conf.o(i.ctlwizchip)
    default_ip_assign                        0x0800f1ed   Thumb Code    38  dhcp.o(i.default_ip_assign)
    default_ip_conflict                      0x0800f221   Thumb Code    30  dhcp.o(i.default_ip_conflict)
    default_ip_update                        0x0800f245   Thumb Code    34  dhcp.o(i.default_ip_update)
    delay_ms                                 0x0800f26d   Thumb Code    32  app_flash.o(i.delay_ms)
    disconnect                               0x0800f28d   Thumb Code   180  socket.o(i.disconnect)
    do_https                                 0x0800f349   Thumb Code   212  httputil.o(i.do_https)
    do_ntp_client                            0x0800f421   Thumb Code   222  ntp.o(i.do_ntp_client)
    fputc                                    0x0800f521   Thumb Code    18  bsp_uart_fifo.o(i.fputc)
    getDNSfromDHCP                           0x0800f535   Thumb Code    26  dhcp.o(i.getDNSfromDHCP)
    getGWfromDHCP                            0x0800f555   Thumb Code    26  dhcp.o(i.getGWfromDHCP)
    getIPfromDHCP                            0x0800f575   Thumb Code    26  dhcp.o(i.getIPfromDHCP)
    getSNfromDHCP                            0x0800f595   Thumb Code    26  dhcp.o(i.getSNfromDHCP)
    getSn_RX_RSR                             0x0800f5b5   Thumb Code   108  w5500.o(i.getSn_RX_RSR)
    getSn_TX_FSR                             0x0800f621   Thumb Code   108  w5500.o(i.getSn_TX_FSR)
    get_http_param_value                     0x0800f68d   Thumb Code   182  http_server.o(i.get_http_param_value)
    get_netparm                              0x0800f76d   Thumb Code    44  transport.o(i.get_netparm)
    get_ntp_time                             0x0800f7a1   Thumb Code    16  ntp.o(i.get_ntp_time)
    inet_addr_                               0x0800fa1d   Thumb Code    90  utility.o(i.inet_addr_)
    key_timer_Start                          0x0800fa7d   Thumb Code    20  timer.o(i.key_timer_Start)
    key_timer_Stop                           0x0800fa91   Thumb Code    14  timer.o(i.key_timer_Stop)
    listen                                   0x0800fa9f   Thumb Code   176  socket.o(i.listen)
    main                                     0x0800fb4f   Thumb Code    32  main.o(i.main)
    makeDHCPMSG                              0x0800fb71   Thumb Code   386  dhcp.o(i.makeDHCPMSG)
    make_cgi_response                        0x0800fda1   Thumb Code    34  httputil.o(i.make_cgi_response)
    make_http_response_head                  0x0800fdc9   Thumb Code   108  http_server.o(i.make_http_response_head)
    mid                                      0x0800ff75   Thumb Code    68  utility.o(i.mid)
    mqtt_connect                             0x0800ffb9   Thumb Code   182  mqtt.o(i.mqtt_connect)
    mqtt_disconnect                          0x080100b1   Thumb Code    56  mqtt.o(i.mqtt_disconnect)
    mqtt_publish                             0x080100ed   Thumb Code    88  mqtt.o(i.mqtt_publish)
    mqtt_subscrib                            0x08010145   Thumb Code   116  mqtt.o(i.mqtt_subscrib)
    my_ip_assign                             0x080101b9   Thumb Code    46  transport.o(i.my_ip_assign)
    my_ip_conflict                           0x080101ed   Thumb Code    10  transport.o(i.my_ip_conflict)
    net_init                                 0x08010211   Thumb Code   196  transport.o(i.net_init)
    network_init                             0x08010305   Thumb Code    46  transport.o(i.network_init)
    parseDHCPMSG                             0x0801033d   Thumb Code   486  dhcp.o(i.parseDHCPMSG)
    parse_http_request                       0x08010575   Thumb Code   156  http_server.o(i.parse_http_request)
    proc_http                                0x0801063d   Thumb Code   510  httputil.o(i.proc_http)
    pvPortMalloc                             0x08011095   Thumb Code   254  heap_4.o(i.pvPortMalloc)
    pvTaskIncrementMutexHeldCount            0x080111a9   Thumb Code    26  tasks.o(i.pvTaskIncrementMutexHeldCount)
    pxPortInitialiseStack                    0x080111c9   Thumb Code    26  port.o(i.pxPortInitialiseStack)
    readChar                                 0x080111e9   Thumb Code    14  mqttpacket.o(i.readChar)
    readInt                                  0x080111f7   Thumb Code    26  mqttpacket.o(i.readInt)
    readMQTTLenString                        0x08011211   Thumb Code    58  mqttpacket.o(i.readMQTTLenString)
    recv                                     0x0801124d   Thumb Code   282  socket.o(i.recv)
    recvfrom                                 0x0801136d   Thumb Code   602  socket.o(i.recvfrom)
    reg_dhcp_cbfunc                          0x080115d5   Thumb Code    40  dhcp.o(i.reg_dhcp_cbfunc)
    reg_wizchip_cris_cbfunc                  0x08011615   Thumb Code    26  wizchip_conf.o(i.reg_wizchip_cris_cbfunc)
    reg_wizchip_cs_cbfunc                    0x0801163d   Thumb Code    26  wizchip_conf.o(i.reg_wizchip_cs_cbfunc)
    reg_wizchip_spi_cbfunc                   0x08011665   Thumb Code    40  wizchip_conf.o(i.reg_wizchip_spi_cbfunc)
    replacetochar                            0x08011699   Thumb Code    26  utility.o(i.replacetochar)
    reset_DHCP_timeout                       0x080116b5   Thumb Code    20  dhcp.o(i.reset_DHCP_timeout)
    send                                     0x080116d5   Thumb Code   280  socket.o(i.send)
    send_DHCP_DECLINE                        0x080117f5   Thumb Code   498  dhcp.o(i.send_DHCP_DECLINE)
    send_DHCP_DISCOVER                       0x08011a15   Thumb Code   538  dhcp.o(i.send_DHCP_DISCOVER)
    send_DHCP_REQUEST                        0x08011c59   Thumb Code   892  dhcp.o(i.send_DHCP_REQUEST)
    sendto                                   0x08012009   Thumb Code   460  socket.o(i.sendto)
    set_netparm                              0x080121d9   Thumb Code    40  transport.o(i.set_netparm)
    socket                                   0x08012209   Thumb Code   346  socket.o(i.socket)
    transport_close                          0x08012379   Thumb Code    14  transport.o(i.transport_close)
    transport_getdata0                       0x08012387   Thumb Code    18  transport.o(i.transport_getdata0)
    transport_getdata1                       0x08012399   Thumb Code    18  transport.o(i.transport_getdata1)
    transport_open                           0x080123ad   Thumb Code   110  transport.o(i.transport_open)
    transport_sendPacketBuffer               0x08012439   Thumb Code    20  transport.o(i.transport_sendPacketBuffer)
    unescape_http_url                        0x0801244d   Thumb Code    62  http_server.o(i.unescape_http_url)
    uxListRemove                             0x0801248b   Thumb Code    40  list.o(i.uxListRemove)
    uxTaskResetEventItemValue                0x080124b5   Thumb Code    24  tasks.o(i.uxTaskResetEventItemValue)
    vListInitialise                          0x080124d1   Thumb Code    26  list.o(i.vListInitialise)
    vListInitialiseItem                      0x080124eb   Thumb Code     6  list.o(i.vListInitialiseItem)
    vListInsert                              0x080124f1   Thumb Code    52  list.o(i.vListInsert)
    vListInsertEnd                           0x08012525   Thumb Code    24  list.o(i.vListInsertEnd)
    vPortEnterCritical                       0x08012579   Thumb Code    58  port.o(i.vPortEnterCritical)
    vPortExitCritical                        0x080125bd   Thumb Code    40  port.o(i.vPortExitCritical)
    vPortFree                                0x080125e9   Thumb Code   112  heap_4.o(i.vPortFree)
    vPortSetupTimerInterrupt                 0x08012661   Thumb Code    14  port.o(i.vPortSetupTimerInterrupt)
    vPortValidateInterruptPriority           0x08012675   Thumb Code    78  port.o(i.vPortValidateInterruptPriority)
    vPortYield                               0x080126d1   Thumb Code    18  port.o(i.vPortYield)
    vQueueWaitForMessageRestricted           0x080126e9   Thumb Code    66  queue.o(i.vQueueWaitForMessageRestricted)
    vTaskDelay                               0x08012839   Thumb Code    94  tasks.o(i.vTaskDelay)
    vTaskMissedYield                         0x080128a9   Thumb Code     8  tasks.o(i.vTaskMissedYield)
    vTaskPlaceOnEventList                    0x080129c5   Thumb Code    94  tasks.o(i.vTaskPlaceOnEventList)
    vTaskPlaceOnEventListRestricted          0x08012a35   Thumb Code   100  tasks.o(i.vTaskPlaceOnEventListRestricted)
    vTaskPlaceOnUnorderedEventList           0x08012aa9   Thumb Code   132  tasks.o(i.vTaskPlaceOnUnorderedEventList)
    vTaskPriorityInherit                     0x08012b41   Thumb Code   164  tasks.o(i.vTaskPriorityInherit)
    vTaskSetTimeOutState                     0x08012bf1   Thumb Code    28  tasks.o(i.vTaskSetTimeOutState)
    vTaskStartScheduler                      0x08012d69   Thumb Code    80  tasks.o(i.vTaskStartScheduler)
    vTaskSuspendAll                          0x08012dd1   Thumb Code    12  tasks.o(i.vTaskSuspendAll)
    vTaskSwitchContext                       0x08012de1   Thumb Code   106  tasks.o(i.vTaskSwitchContext)
    wiz_recv_data                            0x08012ed5   Thumb Code   132  w5500.o(i.wiz_recv_data)
    wiz_recv_ignore                          0x08012f59   Thumb Code   102  w5500.o(i.wiz_recv_ignore)
    wiz_send_data                            0x08012fbf   Thumb Code   132  w5500.o(i.wiz_send_data)
    wizchip_bus_readbyte                     0x08013043   Thumb Code     6  wizchip_conf.o(i.wizchip_bus_readbyte)
    wizchip_bus_writebyte                    0x08013049   Thumb Code     4  wizchip_conf.o(i.wizchip_bus_writebyte)
    wizchip_clrinterrupt                     0x0801304d   Thumb Code    32  wizchip_conf.o(i.wizchip_clrinterrupt)
    wizchip_cris_enter                       0x0801306d   Thumb Code     2  wizchip_conf.o(i.wizchip_cris_enter)
    wizchip_cris_exit                        0x0801306f   Thumb Code     2  wizchip_conf.o(i.wizchip_cris_exit)
    wizchip_cs_deselect                      0x08013071   Thumb Code     2  wizchip_conf.o(i.wizchip_cs_deselect)
    wizchip_cs_select                        0x08013073   Thumb Code     2  wizchip_conf.o(i.wizchip_cs_select)
    wizchip_getinterrupt                     0x08013075   Thumb Code    42  wizchip_conf.o(i.wizchip_getinterrupt)
    wizchip_getinterruptmask                 0x0801309f   Thumb Code    40  wizchip_conf.o(i.wizchip_getinterruptmask)
    wizchip_getnetinfo                       0x080130c9   Thumb Code    82  wizchip_conf.o(i.wizchip_getnetinfo)
    wizchip_getnetmode                       0x08013125   Thumb Code    10  wizchip_conf.o(i.wizchip_getnetmode)
    wizchip_gettimeout                       0x0801312f   Thumb Code    40  wizchip_conf.o(i.wizchip_gettimeout)
    wizchip_init                             0x08013157   Thumb Code   144  wizchip_conf.o(i.wizchip_init)
    wizchip_setinterruptmask                 0x080131e7   Thumb Code    30  wizchip_conf.o(i.wizchip_setinterruptmask)
    wizchip_setnetinfo                       0x08013205   Thumb Code    80  wizchip_conf.o(i.wizchip_setnetinfo)
    wizchip_setnetmode                       0x0801325d   Thumb Code    38  wizchip_conf.o(i.wizchip_setnetmode)
    wizchip_settimeout                       0x08013283   Thumb Code    38  wizchip_conf.o(i.wizchip_settimeout)
    wizchip_spi_readbyte                     0x080132a9   Thumb Code     4  wizchip_conf.o(i.wizchip_spi_readbyte)
    wizchip_spi_writebyte                    0x080132ad   Thumb Code     2  wizchip_conf.o(i.wizchip_spi_writebyte)
    wizchip_sw_reset                         0x080132af   Thumb Code   114  wizchip_conf.o(i.wizchip_sw_reset)
    wizphy_getphyconf                        0x08013321   Thumb Code   120  wizchip_conf.o(i.wizphy_getphyconf)
    wizphy_getphylink                        0x08013399   Thumb Code    26  wizchip_conf.o(i.wizphy_getphylink)
    wizphy_getphypmode                       0x080133b3   Thumb Code    28  wizchip_conf.o(i.wizphy_getphypmode)
    wizphy_reset                             0x080133cf   Thumb Code    52  wizchip_conf.o(i.wizphy_reset)
    wizphy_setphyconf                        0x08013403   Thumb Code    88  wizchip_conf.o(i.wizphy_setphyconf)
    wizphy_setphypmode                       0x0801345b   Thumb Code   100  wizchip_conf.o(i.wizphy_setphypmode)
    writeCString                             0x080134bf   Thumb Code    40  mqttpacket.o(i.writeCString)
    writeChar                                0x080134e7   Thumb Code    12  mqttpacket.o(i.writeChar)
    writeInt                                 0x080134f3   Thumb Code    48  mqttpacket.o(i.writeInt)
    writeMQTTString                          0x08013523   Thumb Code    62  mqttpacket.o(i.writeMQTTString)
    xEventGroupCreate                        0x08013561   Thumb Code    26  event_groups.o(i.xEventGroupCreate)
    xEventGroupSetBits                       0x0801357b   Thumb Code   178  event_groups.o(i.xEventGroupSetBits)
    xEventGroupWaitBits                      0x0801362d   Thumb Code   266  event_groups.o(i.xEventGroupWaitBits)
    xPortStartScheduler                      0x08013739   Thumb Code   140  port.o(i.xPortStartScheduler)
    xQueueGenericCreate                      0x080137d9   Thumb Code   106  queue.o(i.xQueueGenericCreate)
    xQueueGenericReceive                     0x08013843   Thumb Code   346  queue.o(i.xQueueGenericReceive)
    xQueueGenericReset                       0x0801399d   Thumb Code   120  queue.o(i.xQueueGenericReset)
    xQueueGenericSend                        0x08013a15   Thumb Code   322  queue.o(i.xQueueGenericSend)
    xQueueGenericSendFromISR                 0x08013b57   Thumb Code   172  queue.o(i.xQueueGenericSendFromISR)
    xQueueGiveFromISR                        0x08013c03   Thumb Code   148  queue.o(i.xQueueGiveFromISR)
    xTaskCheckForTimeOut                     0x08013c99   Thumb Code   108  tasks.o(i.xTaskCheckForTimeOut)
    xTaskGenericCreate                       0x08013d0d   Thumb Code   288  tasks.o(i.xTaskGenericCreate)
    xTaskGetSchedulerState                   0x08013e45   Thumb Code    24  tasks.o(i.xTaskGetSchedulerState)
    xTaskGetTickCount                        0x08013e65   Thumb Code     6  tasks.o(i.xTaskGetTickCount)
    xTaskIncrementTick                       0x08013e71   Thumb Code   272  tasks.o(i.xTaskIncrementTick)
    xTaskPriorityDisinherit                  0x08013fad   Thumb Code   160  tasks.o(i.xTaskPriorityDisinherit)
    xTaskRemoveFromEventList                 0x08014059   Thumb Code   114  tasks.o(i.xTaskRemoveFromEventList)
    xTaskRemoveFromUnorderedEventList        0x080140e5   Thumb Code   126  tasks.o(i.xTaskRemoveFromUnorderedEventList)
    xTaskResumeAll                           0x08014179   Thumb Code   200  tasks.o(i.xTaskResumeAll)
    xTimerCreate                             0x08014261   Thumb Code    80  timers.o(i.xTimerCreate)
    xTimerCreateTimerTask                    0x080142b1   Thumb Code    58  timers.o(i.xTimerCreateTimerTask)
    xTimerGenericCommand                     0x080142fd   Thumb Code   112  timers.o(i.xTimerGenericCommand)
    Region$$Table$$Base                      0x08015f74   Number         0  anon$$obj.o(Region$$Table)
    Region$$Table$$Limit                     0x08015f94   Number         0  anon$$obj.o(Region$$Table)
    gWIZNETINFO                              0x20000060   Data          23  transport.o(.data)
    domain_name                              0x20000077   Data          14  transport.o(.data)
    msTicks                                  0x20000088   Data           4  stm32f10x_it.o(.data)
    pxCurrentTCB                             0x20000104   Data           4  tasks.o(.data)
    WIZCHIP                                  0x20000184   Data          32  wizchip_conf.o(.data)
    DHCP_SOCKET                              0x200001ac   Data           1  dhcp.o(.data)
    DHCP_SIP                                 0x200001ad   Data           4  dhcp.o(.data)
    OLD_allocated_ip                         0x200001b1   Data           4  dhcp.o(.data)
    DHCP_allocated_ip                        0x200001b5   Data           4  dhcp.o(.data)
    DHCP_allocated_gw                        0x200001b9   Data           4  dhcp.o(.data)
    DHCP_allocated_sn                        0x200001bd   Data           4  dhcp.o(.data)
    DHCP_allocated_dns                       0x200001c1   Data           4  dhcp.o(.data)
    dhcp_state                               0x200001c5   Data           1  dhcp.o(.data)
    dhcp_retry_count                         0x200001c6   Data           1  dhcp.o(.data)
    dhcp_lease_time                          0x200001c8   Data           4  dhcp.o(.data)
    dhcp_tick_1s                             0x200001cc   Data           4  dhcp.o(.data)
    dhcp_tick_next                           0x200001d0   Data           4  dhcp.o(.data)
    DHCP_XID                                 0x200001d4   Data           4  dhcp.o(.data)
    pDHCPMSG                                 0x200001d8   Data           4  dhcp.o(.data)
    HOST_NAME                                0x200001dc   Data           8  dhcp.o(.data)
    DHCP_CHADDR                              0x200001e4   Data           6  dhcp.o(.data)
    dhcp_ip_assign                           0x200001ec   Data           4  dhcp.o(.data)
    dhcp_ip_update                           0x200001f0   Data           4  dhcp.o(.data)
    dhcp_ip_conflict                         0x200001f4   Data           4  dhcp.o(.data)
    pDNSMSG                                  0x200001f8   Data           4  dns.o(.data)
    DNS_SOCKET                               0x200001fc   Data           1  dns.o(.data)
    DNS_MSGID                                0x200001fe   Data           2  dns.o(.data)
    dns_1s_tick                              0x20000200   Data           4  dns.o(.data)
    sms_topic                                0x20000278   Data          35  app_plat.o(.data)
    bleupdata_topic                          0x2000029b   Data          35  app_plat.o(.data)
    userinfo_topic                           0x200002be   Data          38  app_plat.o(.data)
    devcfgpara_topic                         0x200002e4   Data          39  app_plat.o(.data)
    gatereset_topic                          0x2000030b   Data          38  app_plat.o(.data)
    gateupdata_topic                         0x20000331   Data          39  app_plat.o(.data)
    bracelet_topic                           0x20000358   Data          40  app_plat.o(.data)
    default_server_user                      0x200003d0   Data          10  app_flash.o(.data)
    default_server_pass                      0x200003da   Data          33  app_flash.o(.data)
    default_server_ip                        0x200003fb   Data           4  app_flash.o(.data)
    __stdout                                 0x20000494   Data           4  stdout.o(.data)
    gDATABUF                                 0x20000498   Data        2048  transport.o(.bss)
    tx_buf                                   0x20008c18   Data        1460  http_server.o(.bss)
    rx_buf                                   0x200091cc   Data        1460  http_server.o(.bss)
    pub_buf                                  0x20009780   Data        1024  http_server.o(.bss)
    ConfigMsg                                0x20009b80   Data          28  httputil.o(.bss)
    boundary                                 0x20009b9c   Data          64  httputil.o(.bss)
    sysCfg                                   0x2000c3e8   Data         236  app_flash.o(.bss)
    __initial_sp                             0x2000f0f8   Data           0  startup_stm32f10x_hd.o(STACK)



==============================================================================

Memory Map of the image

  Image Entry point : 0x08008131

  Load Region LR_IROM1 (Base: 0x08008000, Size: 0x0000e42c, Max: 0x00080000, ABSOLUTE, COMPRESSED[0x0000e0c8])

    Execution Region ER_IROM1 (Base: 0x08008000, Size: 0x0000df94, Max: 0x00080000, ABSOLUTE)

    Base Addr    Size         Type   Attr      Idx    E Section Name        Object

    0x08008000   0x00000130   Data   RO         1606    RESET               startup_stm32f10x_hd.o
    0x08008130   0x00000000   Code   RO         6351  * .ARM.Collect$$$$00000000  mc_w.l(entry.o)
    0x08008130   0x00000004   Code   RO         6730    .ARM.Collect$$$$00000001  mc_w.l(entry2.o)
    0x08008134   0x00000004   Code   RO         6733    .ARM.Collect$$$$00000004  mc_w.l(entry5.o)
    0x08008138   0x00000000   Code   RO         6735    .ARM.Collect$$$$00000008  mc_w.l(entry7b.o)
    0x08008138   0x00000000   Code   RO         6737    .ARM.Collect$$$$0000000A  mc_w.l(entry8b.o)
    0x08008138   0x00000008   Code   RO         6738    .ARM.Collect$$$$0000000B  mc_w.l(entry9a.o)
    0x08008140   0x00000000   Code   RO         6740    .ARM.Collect$$$$0000000D  mc_w.l(entry10a.o)
    0x08008140   0x00000000   Code   RO         6742    .ARM.Collect$$$$0000000F  mc_w.l(entry11a.o)
    0x08008140   0x00000004   Code   RO         6731    .ARM.Collect$$$$00002712  mc_w.l(entry2.o)
    0x08008144   0x000000a2   Code   RO         4532    .emb_text           port.o
    0x080081e6   0x00000002   PAD
    0x080081e8   0x00000024   Code   RO         1607    .text               startup_stm32f10x_hd.o
    0x0800820c   0x00000062   Code   RO         6354    .text               mc_w.l(uldiv.o)
    0x0800826e   0x00000024   Code   RO         6358    .text               mc_w.l(memcpya.o)
    0x08008292   0x00000024   Code   RO         6360    .text               mc_w.l(memseta.o)
    0x080082b6   0x00000018   Code   RO         6362    .text               mc_w.l(strcat.o)
    0x080082ce   0x00000024   Code   RO         6364    .text               mc_w.l(strstr.o)
    0x080082f2   0x00000018   Code   RO         6366    .text               mc_w.l(strncpy.o)
    0x0800830a   0x0000000e   Code   RO         6370    .text               mc_w.l(strlen.o)
    0x08008318   0x0000001c   Code   RO         6372    .text               mc_w.l(strcmp.o)
    0x08008334   0x0000001a   Code   RO         6374    .text               mc_w.l(memcmp.o)
    0x0800834e   0x00000012   Code   RO         6376    .text               mc_w.l(strcpy.o)
    0x08008360   0x0000001e   Code   RO         6378    .text               mc_w.l(strncmp.o)
    0x0800837e   0x00000002   PAD
    0x08008380   0x00000044   Code   RO         6380    .text               mc_w.l(strtok.o)
    0x080083c4   0x0000014e   Code   RO         6683    .text               mf_w.l(dadd.o)
    0x08008512   0x000000e4   Code   RO         6685    .text               mf_w.l(dmul.o)
    0x080085f6   0x000000de   Code   RO         6687    .text               mf_w.l(ddiv.o)
    0x080086d4   0x0000000a   Code   RO         6689    .text               mf_w.l(ffltui.o)
    0x080086de   0x00000026   Code   RO         6697    .text               mf_w.l(f2d.o)
    0x08008704   0x00000030   Code   RO         6699    .text               mf_w.l(cdcmple.o)
    0x08008734   0x00000030   Code   RO         6701    .text               mf_w.l(cdrcmple.o)
    0x08008764   0x0000002c   Code   RO         6745    .text               mc_w.l(uidiv.o)
    0x08008790   0x0000001e   Code   RO         6747    .text               mc_w.l(llshl.o)
    0x080087ae   0x00000020   Code   RO         6749    .text               mc_w.l(llushr.o)
    0x080087ce   0x00000024   Code   RO         6751    .text               mc_w.l(llsshr.o)
    0x080087f2   0x00000000   Code   RO         6762    .text               mc_w.l(iusefp.o)
    0x080087f2   0x0000006e   Code   RO         6763    .text               mf_w.l(fepilogue.o)
    0x08008860   0x000000ba   Code   RO         6765    .text               mf_w.l(depilogue.o)
    0x0800891a   0x00000030   Code   RO         6769    .text               mf_w.l(dfixul.o)
    0x0800894a   0x00000002   PAD
    0x0800894c   0x00000024   Code   RO         6771    .text               mc_w.l(init.o)
    0x08008970   0x00000056   Code   RO         6783    .text               mc_w.l(__dczerorl2.o)
    0x080089c6   0x00000002   PAD
    0x080089c8   0x00000184   Code   RO            3    i.AppObjCreate      main.o
    0x08008b4c   0x000000c8   Code   RO            4    i.AppTaskCreate     main.o
    0x08008c14   0x00000004   Code   RO          977    i.BusFault_Handler  stm32f10x_it.o
    0x08008c18   0x00000034   Code   RO         1057    i.ComToUart         bsp_uart_fifo.o
    0x08008c4c   0x00000040   Code   RO         1058    i.ConfigUartNVIC    bsp_uart_fifo.o
    0x08008c8c   0x000000b0   Code   RO         5584    i.DHCP_init         dhcp.o
    0x08008d3c   0x000002c4   Code   RO         5585    i.DHCP_run          dhcp.o
    0x08009000   0x00000018   Code   RO         3722    i.DMA_Cmd           stm32f10x_dma.o
    0x08009018   0x0000014c   Code   RO         3723    i.DMA_DeInit        stm32f10x_dma.o
    0x08009164   0x0000003c   Code   RO         3728    i.DMA_Init          stm32f10x_dma.o
    0x080091a0   0x00000010   Code   RO         5721    i.DNS_time_handler  dns.o
    0x080091b0   0x00000002   Code   RO          978    i.DebugMon_Handler  stm32f10x_it.o
    0x080091b2   0x00000002   PAD
    0x080091b4   0x00000074   Code   RO            5    i.EXTI15_10_IRQHandler  main.o
    0x08009228   0x00000038   Code   RO            6    i.EXTI9_5_IRQHandler  main.o
    0x08009260   0x0000000c   Code   RO         3229    i.EXTI_ClearITPendingBit  stm32f10x_exti.o
    0x0800926c   0x00000028   Code   RO         3233    i.EXTI_GetITStatus  stm32f10x_exti.o
    0x08009294   0x00000094   Code   RO         3234    i.EXTI_Init         stm32f10x_exti.o
    0x08009328   0x00000150   Code   RO         6316    i.ErrorLog          app_device_alarm.o
    0x08009478   0x0000000c   Code   RO         2175    i.FLASH_ClearFlag   stm32f10x_flash.o
    0x08009484   0x0000004c   Code   RO         2180    i.FLASH_ErasePage   stm32f10x_flash.o
    0x080094d0   0x00000034   Code   RO         2181    i.FLASH_GetBank1Status  stm32f10x_flash.o
    0x08009504   0x00000014   Code   RO         2190    i.FLASH_Lock        stm32f10x_flash.o
    0x08009518   0x00000018   Code   RO         1337    i.FLASH_PagesMask   bsp_mqtt_ota.o
    0x08009530   0x00000040   Code   RO         2193    i.FLASH_ProgramHalfWord  stm32f10x_flash.o
    0x08009570   0x00000018   Code   RO         2198    i.FLASH_Unlock      stm32f10x_flash.o
    0x08009588   0x00000026   Code   RO         2202    i.FLASH_WaitForLastOperation  stm32f10x_flash.o
    0x080095ae   0x00000002   PAD
    0x080095b0   0x00000040   Code   RO         1660    i.GPIO_EXTILineConfig  stm32f10x_gpio.o
    0x080095f0   0x00000116   Code   RO         1663    i.GPIO_Init         stm32f10x_gpio.o
    0x08009706   0x00000002   PAD
    0x08009708   0x00000090   Code   RO         1665    i.GPIO_PinRemapConfig  stm32f10x_gpio.o
    0x08009798   0x00000012   Code   RO         1667    i.GPIO_ReadInputDataBit  stm32f10x_gpio.o
    0x080097aa   0x00000004   Code   RO         1670    i.GPIO_ResetBits    stm32f10x_gpio.o
    0x080097ae   0x00000004   Code   RO         1671    i.GPIO_SetBits      stm32f10x_gpio.o
    0x080097b2   0x00000002   PAD
    0x080097b4   0x00000058   Code   RO          979    i.HardFault_Handler  stm32f10x_it.o
    0x0800980c   0x00000046   Code   RO          725    i.Heartbeat         mqtt.o
    0x08009852   0x00000002   PAD
    0x08009854   0x00000010   Code   RO         3290    i.IWDG_Enable       stm32f10x_iwdg.o
    0x08009864   0x00000008   Code   RO         1273    i.IWDG_Feed         bsp_iwdg.o
    0x0800986c   0x00000010   Code   RO         3292    i.IWDG_ReloadCounter  stm32f10x_iwdg.o
    0x0800987c   0x0000000c   Code   RO         3293    i.IWDG_SetPrescaler  stm32f10x_iwdg.o
    0x08009888   0x0000000c   Code   RO         3294    i.IWDG_SetReload    stm32f10x_iwdg.o
    0x08009894   0x0000000c   Code   RO         3295    i.IWDG_WriteAccessCmd  stm32f10x_iwdg.o
    0x080098a0   0x00000140   Code   RO         1059    i.InitHardUart      bsp_uart_fifo.o
    0x080099e0   0x00000076   Code   RO         4652    i.MQTTDeserialize_connack  mqttconnectclient.o
    0x08009a56   0x000000a8   Code   RO         4722    i.MQTTDeserialize_publish  mqttdeserializepublish.o
    0x08009afe   0x00000058   Code   RO         4797    i.MQTTPacket_decode  mqttpacket.o
    0x08009b56   0x00000002   PAD
    0x08009b58   0x0000001c   Code   RO         4798    i.MQTTPacket_decodeBuf  mqttpacket.o
    0x08009b74   0x00000036   Code   RO         4800    i.MQTTPacket_encode  mqttpacket.o
    0x08009baa   0x00000002   PAD
    0x08009bac   0x00000028   Code   RO         4802    i.MQTTPacket_len    mqttpacket.o
    0x08009bd4   0x00000066   Code   RO         4803    i.MQTTPacket_read   mqttpacket.o
    0x08009c3a   0x00000072   Code   RO         4912    i.MQTTSerialize_ack  mqttserializepublish.o
    0x08009cac   0x00000168   Code   RO         4653    i.MQTTSerialize_connect  mqttconnectclient.o
    0x08009e14   0x00000076   Code   RO         4654    i.MQTTSerialize_connectLength  mqttconnectclient.o
    0x08009e8a   0x00000012   Code   RO         4655    i.MQTTSerialize_disconnect  mqttconnectclient.o
    0x08009e9c   0x00000012   Code   RO         4656    i.MQTTSerialize_pingreq  mqttconnectclient.o
    0x08009eae   0x00000018   Code   RO         4913    i.MQTTSerialize_puback  mqttserializepublish.o
    0x08009ec6   0x000000b0   Code   RO         4915    i.MQTTSerialize_publish  mqttserializepublish.o
    0x08009f76   0x00000022   Code   RO         4916    i.MQTTSerialize_publishLength  mqttserializepublish.o
    0x08009f98   0x000000b0   Code   RO         4955    i.MQTTSerialize_subscribe  mqttsubscribeclient.o
    0x0800a048   0x0000002e   Code   RO         4956    i.MQTTSerialize_subscribeLength  mqttsubscribeclient.o
    0x0800a076   0x0000004c   Code   RO         4657    i.MQTTSerialize_zero  mqttconnectclient.o
    0x0800a0c2   0x00000018   Code   RO         4805    i.MQTTstrlen        mqttpacket.o
    0x0800a0da   0x00000004   Code   RO          980    i.MemManage_Handler  stm32f10x_it.o
    0x0800a0de   0x00000002   Code   RO          981    i.NMI_Handler       stm32f10x_it.o
    0x0800a0e0   0x00000070   Code   RO         1613    i.NVIC_Init         misc.o
    0x0800a150   0x00000014   Code   RO         1614    i.NVIC_PriorityGroupConfig  misc.o
    0x0800a164   0x00000020   Code   RO         1780    i.RCC_AHBPeriphClockCmd  stm32f10x_rcc.o
    0x0800a184   0x00000020   Code   RO         1781    i.RCC_APB1PeriphClockCmd  stm32f10x_rcc.o
    0x0800a1a4   0x00000020   Code   RO         1782    i.RCC_APB1PeriphResetCmd  stm32f10x_rcc.o
    0x0800a1c4   0x00000020   Code   RO         1783    i.RCC_APB2PeriphClockCmd  stm32f10x_rcc.o
    0x0800a1e4   0x00000020   Code   RO         1784    i.RCC_APB2PeriphResetCmd  stm32f10x_rcc.o
    0x0800a204   0x00000014   Code   RO         1787    i.RCC_ClearFlag     stm32f10x_rcc.o
    0x0800a218   0x0000004c   Code   RO         1790    i.RCC_DeInit        stm32f10x_rcc.o
    0x0800a264   0x000000d4   Code   RO         1791    i.RCC_GetClocksFreq  stm32f10x_rcc.o
    0x0800a338   0x0000003c   Code   RO         1792    i.RCC_GetFlagStatus  stm32f10x_rcc.o
    0x0800a374   0x0000000c   Code   RO         1800    i.RCC_LSICmd        stm32f10x_rcc.o
    0x0800a380   0x00000002   Code   RO         1061    i.RS485_ReciveNew   bsp_uart_fifo.o
    0x0800a382   0x00000002   PAD
    0x0800a384   0x0000000c   Code   RO         1062    i.RS485_SendBefor   bsp_uart_fifo.o
    0x0800a390   0x0000000c   Code   RO         1064    i.RS485_SendOver    bsp_uart_fifo.o
    0x0800a39c   0x00000014   Code   RO         5121    i.SPI_CS_Deselect   spi.o
    0x0800a3b0   0x00000014   Code   RO         5122    i.SPI_CS_Select     spi.o
    0x0800a3c4   0x00000018   Code   RO         3081    i.SPI_Cmd           stm32f10x_spi.o
    0x0800a3dc   0x00000058   Code   RO         5123    i.SPI_Configuration  spi.o
    0x0800a434   0x0000000a   Code   RO         5124    i.SPI_CrisEnter     spi.o
    0x0800a43e   0x0000000a   Code   RO         5125    i.SPI_CrisExit      spi.o
    0x0800a448   0x0000004c   Code   RO         5126    i.SPI_GPIO_Configuration  spi.o
    0x0800a494   0x0000003c   Code   RO         3094    i.SPI_Init          stm32f10x_spi.o
    0x0800a4d0   0x00000028   Code   RO         5127    i.SPI_RCC_Configuration  spi.o
    0x0800a4f8   0x00000034   Code   RO         5128    i.SPI_ReadByte      spi.o
    0x0800a52c   0x00000030   Code   RO         5129    i.SPI_WriteByte     spi.o
    0x0800a55c   0x00000020   Code   RO         4533    i.SysTick_Handler   port.o
    0x0800a57c   0x000000e4   Code   RO         3803    i.SystemInit        system_stm32f10x.o
    0x0800a660   0x00000084   Code   RO            7    i.TIM2_IRQHandler   main.o
    0x0800a6e4   0x0000003c   Code   RO          982    i.TIM3_IRQHandler   stm32f10x_it.o
    0x0800a720   0x00000006   Code   RO         2367    i.TIM_ClearFlag     stm32f10x_tim.o
    0x0800a726   0x00000006   Code   RO         2368    i.TIM_ClearITPendingBit  stm32f10x_tim.o
    0x0800a72c   0x00000018   Code   RO         2373    i.TIM_Cmd           stm32f10x_tim.o
    0x0800a744   0x000001e8   Code   RO         2378    i.TIM_DeInit        stm32f10x_tim.o
    0x0800a92c   0x00000022   Code   RO         2394    i.TIM_GetITStatus   stm32f10x_tim.o
    0x0800a94e   0x00000012   Code   RO         2398    i.TIM_ITConfig      stm32f10x_tim.o
    0x0800a960   0x000000a4   Code   RO         2444    i.TIM_TimeBaseInit  stm32f10x_tim.o
    0x0800aa04   0x000000ac   Code   RO         1223    i.Timer_Config      timer.o
    0x0800aab0   0x00000040   Code   RO         1224    i.Timer_Interrupts_Config  timer.o
    0x0800aaf0   0x00000010   Code   RO         1066    i.USART1_IRQHandler  bsp_uart_fifo.o
    0x0800ab00   0x00000010   Code   RO         1067    i.USART3_IRQHandler  bsp_uart_fifo.o
    0x0800ab10   0x00000012   Code   RO         1987    i.USART_ClearFlag   stm32f10x_usart.o
    0x0800ab22   0x00000018   Code   RO         1991    i.USART_Cmd         stm32f10x_usart.o
    0x0800ab3a   0x00000012   Code   RO         1992    i.USART_DMACmd      stm32f10x_usart.o
    0x0800ab4c   0x00000054   Code   RO         1995    i.USART_GetITStatus  stm32f10x_usart.o
    0x0800aba0   0x0000004a   Code   RO         1997    i.USART_ITConfig    stm32f10x_usart.o
    0x0800abea   0x00000002   PAD
    0x0800abec   0x000000d8   Code   RO         1998    i.USART_Init        stm32f10x_usart.o
    0x0800acc4   0x0000000a   Code   RO         2005    i.USART_ReceiveData  stm32f10x_usart.o
    0x0800acce   0x00000008   Code   RO         2008    i.USART_SendData    stm32f10x_usart.o
    0x0800acd6   0x00000052   Code   RO         1068    i.UartGetChar       bsp_uart_fifo.o
    0x0800ad28   0x000000e6   Code   RO         1069    i.UartIRQ           bsp_uart_fifo.o
    0x0800ae0e   0x0000006a   Code   RO         1070    i.UartSend          bsp_uart_fifo.o
    0x0800ae78   0x00000098   Code   RO         1071    i.UartVarInit       bsp_uart_fifo.o
    0x0800af10   0x00000004   Code   RO          983    i.UsageFault_Handler  stm32f10x_it.o
    0x0800af14   0x00000080   Code   RO          865    i.W5500_GPIO_Configuration  bsp.o
    0x0800af94   0x00000022   Code   RO          866    i.W5500_NVIC_Configuration  bsp.o
    0x0800afb6   0x00000002   PAD
    0x0800afb8   0x0000004c   Code   RO         5395    i.WIZCHIP_READ      w5500.o
    0x0800b004   0x00000064   Code   RO         5396    i.WIZCHIP_READ_BUF  w5500.o
    0x0800b068   0x0000004c   Code   RO         5397    i.WIZCHIP_WRITE     w5500.o
    0x0800b0b4   0x00000064   Code   RO         5398    i.WIZCHIP_WRITE_BUF  w5500.o
    0x0800b118   0x00000020   Code   RO         6621    i.__0printf         mc_w.l(printfa.o)
    0x0800b138   0x00000028   Code   RO         6623    i.__0sprintf        mc_w.l(printfa.o)
    0x0800b160   0x0000000e   Code   RO         6777    i.__scatterload_copy  mc_w.l(handlers.o)
    0x0800b16e   0x00000002   Code   RO         6778    i.__scatterload_null  mc_w.l(handlers.o)
    0x0800b170   0x0000000e   Code   RO         6779    i.__scatterload_zeroinit  mc_w.l(handlers.o)
    0x0800b17e   0x00000002   PAD
    0x0800b180   0x00000184   Code   RO         6628    i._fp_digits        mc_w.l(printfa.o)
    0x0800b304   0x000006dc   Code   RO         6629    i._printf_core      mc_w.l(printfa.o)
    0x0800b9e0   0x00000024   Code   RO         6630    i._printf_post_padding  mc_w.l(printfa.o)
    0x0800ba04   0x0000002e   Code   RO         6631    i._printf_pre_padding  mc_w.l(printfa.o)
    0x0800ba32   0x0000000a   Code   RO         6633    i._sputc            mc_w.l(printfa.o)
    0x0800ba3c   0x00000028   Code   RO         6099    i.app_flash_GetSTM32MCUID  app_flash.o
    0x0800ba64   0x00000278   Code   RO         6100    i.app_flash_LoadSysConfig  app_flash.o
    0x0800bcdc   0x000000dc   Code   RO         6153    i.app_nrf_ConnectBle  app_nrf52832.o
    0x0800bdb8   0x000003a4   Code   RO         6154    i.app_nrf_DealBleData  app_nrf52832.o
    0x0800c15c   0x000000c0   Code   RO         6155    i.app_nrf_DisconnectBle  app_nrf52832.o
    0x0800c21c   0x00000064   Code   RO         6156    i.app_nrf_GetBleData  app_nrf52832.o
    0x0800c280   0x00000028   Code   RO         6157    i.app_nrf_GetNewStation  app_nrf52832.o
    0x0800c2a8   0x0000003a   Code   RO         6158    i.app_nrf_IsLeapYear  app_nrf52832.o
    0x0800c2e2   0x00000002   PAD
    0x0800c2e4   0x00000114   Code   RO         6159    i.app_nrf_LeaveMessage  app_nrf52832.o
    0x0800c3f8   0x000000d4   Code   RO         6160    i.app_nrf_NewStation  app_nrf52832.o
    0x0800c4cc   0x000000b8   Code   RO         6161    i.app_nrf_ReadData  app_nrf52832.o
    0x0800c584   0x00000030   Code   RO         6162    i.app_nrf_ResetStation  app_nrf52832.o
    0x0800c5b4   0x00000088   Code   RO         1338    i.app_nrf_SendBleCmd  bsp_mqtt_ota.o
    0x0800c63c   0x000000a8   Code   RO         1339    i.app_nrf_SendBleData  bsp_mqtt_ota.o
    0x0800c6e4   0x000000c0   Code   RO         6164    i.app_nrf_TimeTosec  app_nrf52832.o
    0x0800c7a4   0x00000074   Code   RO         6165    i.app_nrf_UpdataBle  app_nrf52832.o
    0x0800c818   0x00000154   Code   RO         5955    i.app_palt_BandData  app_plat.o
    0x0800c96c   0x00000058   Code   RO         5956    i.app_palt_Connectack  app_plat.o
    0x0800c9c4   0x000000ec   Code   RO         5957    i.app_palt_Datadeal  app_plat.o
    0x0800cab0   0x000000bc   Code   RO         5958    i.app_palt_Receicedata  app_plat.o
    0x0800cb6c   0x00000108   Code   RO         5959    i.app_palt_Reportparse  app_plat.o
    0x0800cc74   0x00000140   Code   RO         5960    i.app_palt_UpdataBle  app_plat.o
    0x0800cdb4   0x00000080   Code   RO         5961    i.app_palt_WriteFifoData  app_plat.o
    0x0800ce34   0x00000180   Code   RO         5962    i.app_palt_devcfgset  app_plat.o
    0x0800cfb4   0x00000020   Code   RO         5963    i.app_palt_fifoinit  app_plat.o
    0x0800cfd4   0x000000bc   Code   RO         5964    i.app_palt_reset    app_plat.o
    0x0800d090   0x0000017c   Code   RO         5965    i.app_palt_userinfoset  app_plat.o
    0x0800d20c   0x000000dc   Code   RO         5966    i.app_plat_BraceletInfoPublish  app_plat.o
    0x0800d2e8   0x0000011c   Code   RO         5967    i.app_plat_GetRespone  app_plat.o
    0x0800d404   0x000000cc   Code   RO         5968    i.app_plat_HeartratePublish  app_plat.o
    0x0800d4d0   0x0000017c   Code   RO         5970    i.app_plat_LocationPublish  app_plat.o
    0x0800d64c   0x0000013c   Code   RO         5972    i.app_plat_SendMessage  app_plat.o
    0x0800d788   0x000000d0   Code   RO         5973    i.app_plat_SleepDataPublish  app_plat.o
    0x0800d858   0x000000d0   Code   RO         5974    i.app_plat_SportDataPublish  app_plat.o
    0x0800d928   0x00000038   Code   RO         5975    i.app_plat_usMBCRC16  app_plat.o
    0x0800d960   0x000000ec   Code   RO         6246    i.app_system_CheckID  app_system.o
    0x0800da4c   0x0000002c   Code   RO         6247    i.app_system_LedOn  app_system.o
    0x0800da78   0x000000a4   Code   RO         6248    i.app_system_MqttConnect  app_system.o
    0x0800db1c   0x00000038   Code   RO         6249    i.app_system_NetLedToggle  app_system.o
    0x0800db54   0x00000204   Code   RO         6250    i.app_system_NetPublic  app_system.o
    0x0800dd58   0x00000074   Code   RO         6251    i.app_system_Start  app_system.o
    0x0800ddcc   0x00000020   Code   RO         6252    i.app_system_Subscrib  app_system.o
    0x0800ddec   0x00000040   Code   RO         6253    i.app_system_TcpsStart  app_system.o
    0x0800de2c   0x00000084   Code   RO         6254    i.app_system_UpdataBle  app_system.o
    0x0800deb0   0x00000020   Code   RO         5460    i.atoi16            utility.o
    0x0800ded0   0x00000048   Code   RO         1299    i.bsp_CmpCpuFlash   bsp_cpu_flash.o
    0x0800df18   0x00000008   Code   RO         1300    i.bsp_GetSector     bsp_cpu_flash.o
    0x0800df20   0x00000080   Code   RO          867    i.bsp_Init          bsp.o
    0x0800dfa0   0x0000003a   Code   RO         1274    i.bsp_InitIwdg      bsp_iwdg.o
    0x0800dfda   0x00000002   PAD
    0x0800dfdc   0x00000098   Code   RO          930    i.bsp_InitLed       bsp_led.o
    0x0800e074   0x00000020   Code   RO         1072    i.bsp_InitUart      bsp_uart_fifo.o
    0x0800e094   0x00000064   Code   RO         1447    i.bsp_InitUartDma   bsp_dma.o
    0x0800e0f8   0x00000074   Code   RO         1421    i.bsp_Initkey       bsp_key.o
    0x0800e16c   0x00000022   Code   RO         1422    i.bsp_Initkey_Triggertype  bsp_key.o
    0x0800e18e   0x00000002   PAD
    0x0800e190   0x0000003c   Code   RO          932    i.bsp_LedOff        bsp_led.o
    0x0800e1cc   0x0000003c   Code   RO          933    i.bsp_LedOn         bsp_led.o
    0x0800e208   0x0000004c   Code   RO          934    i.bsp_LedToggle     bsp_led.o
    0x0800e254   0x00000030   Code   RO         1301    i.bsp_ReadCpuFlash  bsp_cpu_flash.o
    0x0800e284   0x000000cc   Code   RO         1302    i.bsp_WriteCpuFlash  bsp_cpu_flash.o
    0x0800e350   0x000000ac   Code   RO         1340    i.bsp_ble_ackResponse  bsp_mqtt_ota.o
    0x0800e3fc   0x00000244   Code   RO         1341    i.bsp_ota_UpdataBracelet  bsp_mqtt_ota.o
    0x0800e640   0x00000304   Code   RO         1342    i.bsp_ota_UpdataGateway  bsp_mqtt_ota.o
    0x0800e944   0x00000090   Code   RO         1343    i.bsp_ota_ackResponse  bsp_mqtt_ota.o
    0x0800e9d4   0x00000028   Code   RO         4806    i.bufchar           mqttpacket.o
    0x0800e9fc   0x00000036   Code   RO         5462    i.c2d               utility.o
    0x0800ea32   0x00000002   PAD
    0x0800ea34   0x0000027c   Code   RO         5796    i.calc_date_time    ntp.o
    0x0800ecb0   0x00000060   Code   RO         5902    i.cgi_ipconfig      httputil.o
    0x0800ed10   0x0000009c   Code   RO         5588    i.check_DHCP_leasedIP  dhcp.o
    0x0800edac   0x00000078   Code   RO         5589    i.check_DHCP_timeout  dhcp.o
    0x0800ee24   0x0000008c   Code   RO         5038    i.close             socket.o
    0x0800eeb0   0x0000003c   Code   RO         1077    i.comClearTxFifo    bsp_uart_fifo.o
    0x0800eeec   0x0000001e   Code   RO         1078    i.comGetChar        bsp_uart_fifo.o
    0x0800ef0a   0x00000026   Code   RO         1079    i.comSendBuf        bsp_uart_fifo.o
    0x0800ef30   0x00000010   Code   RO         1080    i.comSendChar       bsp_uart_fifo.o
    0x0800ef40   0x00000144   Code   RO         5039    i.connect           socket.o
    0x0800f084   0x00000050   Code   RO         5185    i.ctlnetwork        wizchip_conf.o
    0x0800f0d4   0x00000118   Code   RO         5186    i.ctlwizchip        wizchip_conf.o
    0x0800f1ec   0x00000034   Code   RO         5590    i.default_ip_assign  dhcp.o
    0x0800f220   0x00000024   Code   RO         5591    i.default_ip_conflict  dhcp.o
    0x0800f244   0x00000028   Code   RO         5592    i.default_ip_update  dhcp.o
    0x0800f26c   0x00000020   Code   RO         6101    i.delay_ms          app_flash.o
    0x0800f28c   0x000000bc   Code   RO         5041    i.disconnect        socket.o
    0x0800f348   0x000000d8   Code   RO         5903    i.do_https          httputil.o
    0x0800f420   0x00000100   Code   RO         5798    i.do_ntp_client     ntp.o
    0x0800f520   0x00000012   Code   RO         1082    i.fputc             bsp_uart_fifo.o
    0x0800f532   0x00000002   PAD
    0x0800f534   0x00000020   Code   RO         5594    i.getDNSfromDHCP    dhcp.o
    0x0800f554   0x00000020   Code   RO         5595    i.getGWfromDHCP     dhcp.o
    0x0800f574   0x00000020   Code   RO         5596    i.getIPfromDHCP     dhcp.o
    0x0800f594   0x00000020   Code   RO         5597    i.getSNfromDHCP     dhcp.o
    0x0800f5b4   0x0000006c   Code   RO         5399    i.getSn_RX_RSR      w5500.o
    0x0800f620   0x0000006c   Code   RO         5400    i.getSn_TX_FSR      w5500.o
    0x0800f68c   0x000000e0   Code   RO         5852    i.get_http_param_value  http_server.o
    0x0800f76c   0x00000034   Code   RO          779    i.get_netparm       transport.o
    0x0800f7a0   0x00000014   Code   RO         5799    i.get_ntp_time      ntp.o
    0x0800f7b4   0x00000268   Code   RO         5800    i.get_seconds_from_ntp_server  ntp.o
    0x0800fa1c   0x00000060   Code   RO         5466    i.inet_addr_        utility.o
    0x0800fa7c   0x00000014   Code   RO         1227    i.key_timer_Start   timer.o
    0x0800fa90   0x0000000e   Code   RO         1228    i.key_timer_Stop    timer.o
    0x0800fa9e   0x000000b0   Code   RO         5043    i.listen            socket.o
    0x0800fb4e   0x00000020   Code   RO            8    i.main              main.o
    0x0800fb6e   0x00000002   PAD
    0x0800fb70   0x00000190   Code   RO         5598    i.makeDHCPMSG       dhcp.o
    0x0800fd00   0x000000a0   Code   RO         5904    i.make_basic_config_setting_json_callback  httputil.o
    0x0800fda0   0x00000028   Code   RO         5905    i.make_cgi_response  httputil.o
    0x0800fdc8   0x000001ac   Code   RO         5853    i.make_http_response_head  http_server.o
    0x0800ff74   0x00000044   Code   RO         5470    i.mid               utility.o
    0x0800ffb8   0x000000f8   Code   RO          726    i.mqtt_connect      mqtt.o
    0x080100b0   0x0000003c   Code   RO          727    i.mqtt_disconnect   mqtt.o
    0x080100ec   0x00000058   Code   RO          728    i.mqtt_publish      mqtt.o
    0x08010144   0x00000074   Code   RO          729    i.mqtt_subscrib     mqtt.o
    0x080101b8   0x00000034   Code   RO          780    i.my_ip_assign      transport.o
    0x080101ec   0x00000024   Code   RO          781    i.my_ip_conflict    transport.o
    0x08010210   0x000000f4   Code   RO          782    i.net_init          transport.o
    0x08010304   0x00000038   Code   RO          783    i.network_init      transport.o
    0x0801033c   0x00000238   Code   RO         5599    i.parseDHCPMSG      dhcp.o
    0x08010574   0x000000c8   Code   RO         5854    i.parse_http_request  http_server.o
    0x0801063c   0x00000260   Code   RO         5906    i.proc_http         httputil.o
    0x0801089c   0x00000054   Code   RO         4116    i.prvAddCurrentTaskToDelayedList  tasks.o
    0x080108f0   0x00000042   Code   RO         4117    i.prvAllocateTCBAndStack  tasks.o
    0x08010932   0x00000002   PAD
    0x08010934   0x0000005c   Code   RO         4437    i.prvCheckForValidListAndQueue  timers.o
    0x08010990   0x00000064   Code   RO         4118    i.prvCheckTasksWaitingTermination  tasks.o
    0x080109f4   0x0000002a   Code   RO         3962    i.prvCopyDataFromQueue  queue.o
    0x08010a1e   0x00000080   Code   RO         3963    i.prvCopyDataToQueue  queue.o
    0x08010a9e   0x00000012   Code   RO         4119    i.prvDeleteTCB      tasks.o
    0x08010ab0   0x00000028   Code   RO         4438    i.prvGetNextExpireTime  timers.o
    0x08010ad8   0x0000007c   Code   RO         4603    i.prvHeapInit       heap_4.o
    0x08010b54   0x00000018   Code   RO         4120    i.prvIdleTask       tasks.o
    0x08010b6c   0x00000062   Code   RO         4121    i.prvInitialiseTCBVariables  tasks.o
    0x08010bce   0x00000002   PAD
    0x08010bd0   0x00000068   Code   RO         4122    i.prvInitialiseTaskLists  tasks.o
    0x08010c38   0x00000068   Code   RO         4604    i.prvInsertBlockIntoFreeList  heap_4.o
    0x08010ca0   0x00000058   Code   RO         4439    i.prvInsertTimerInActiveList  timers.o
    0x08010cf8   0x0000001a   Code   RO         3964    i.prvIsQueueEmpty   queue.o
    0x08010d12   0x0000001e   Code   RO         3965    i.prvIsQueueFull    queue.o
    0x08010d30   0x00000058   Code   RO         4440    i.prvProcessExpiredTimer  timers.o
    0x08010d88   0x000000dc   Code   RO         4441    i.prvProcessReceivedCommands  timers.o
    0x08010e64   0x00000064   Code   RO         4442    i.prvProcessTimerOrBlockTask  timers.o
    0x08010ec8   0x00000034   Code   RO         4124    i.prvResetNextTaskUnblockTime  tasks.o
    0x08010efc   0x0000002c   Code   RO         4443    i.prvSampleTimeNow  timers.o
    0x08010f28   0x00000090   Code   RO         4444    i.prvSwitchTimerLists  timers.o
    0x08010fb8   0x00000024   Code   RO         4534    i.prvTaskExitError  port.o
    0x08010fdc   0x0000001e   Code   RO         3846    i.prvTestWaitCondition  event_groups.o
    0x08010ffa   0x0000001a   Code   RO         4445    i.prvTimerTask      timers.o
    0x08011014   0x0000007e   Code   RO         3966    i.prvUnlockQueue    queue.o
    0x08011092   0x00000002   PAD
    0x08011094   0x00000114   Code   RO         4605    i.pvPortMalloc      heap_4.o
    0x080111a8   0x00000020   Code   RO         4127    i.pvTaskIncrementMutexHeldCount  tasks.o
    0x080111c8   0x00000020   Code   RO         4535    i.pxPortInitialiseStack  port.o
    0x080111e8   0x0000000e   Code   RO         4808    i.readChar          mqttpacket.o
    0x080111f6   0x0000001a   Code   RO         4809    i.readInt           mqttpacket.o
    0x08011210   0x0000003a   Code   RO         4810    i.readMQTTLenString  mqttpacket.o
    0x0801124a   0x00000002   PAD
    0x0801124c   0x00000120   Code   RO         5044    i.recv              socket.o
    0x0801136c   0x00000268   Code   RO         5045    i.recvfrom          socket.o
    0x080115d4   0x00000040   Code   RO         5600    i.reg_dhcp_cbfunc   dhcp.o
    0x08011614   0x00000028   Code   RO         5188    i.reg_wizchip_cris_cbfunc  wizchip_conf.o
    0x0801163c   0x00000028   Code   RO         5189    i.reg_wizchip_cs_cbfunc  wizchip_conf.o
    0x08011664   0x00000034   Code   RO         5190    i.reg_wizchip_spi_cbfunc  wizchip_conf.o
    0x08011698   0x0000001a   Code   RO         5473    i.replacetochar     utility.o
    0x080116b2   0x00000002   PAD
    0x080116b4   0x00000020   Code   RO         5601    i.reset_DHCP_timeout  dhcp.o
    0x080116d4   0x00000120   Code   RO         5046    i.send              socket.o
    0x080117f4   0x00000220   Code   RO         5602    i.send_DHCP_DECLINE  dhcp.o
    0x08011a14   0x00000244   Code   RO         5603    i.send_DHCP_DISCOVER  dhcp.o
    0x08011c58   0x000003b0   Code   RO         5604    i.send_DHCP_REQUEST  dhcp.o
    0x08012008   0x000001d0   Code   RO         5047    i.sendto            socket.o
    0x080121d8   0x00000030   Code   RO          784    i.set_netparm       transport.o
    0x08012208   0x00000170   Code   RO         5049    i.socket            socket.o
    0x08012378   0x0000000e   Code   RO          785    i.transport_close   transport.o
    0x08012386   0x00000012   Code   RO          786    i.transport_getdata0  transport.o
    0x08012398   0x00000012   Code   RO          787    i.transport_getdata1  transport.o
    0x080123aa   0x00000002   PAD
    0x080123ac   0x0000008c   Code   RO          788    i.transport_open    transport.o
    0x08012438   0x00000014   Code   RO          789    i.transport_sendPacketBuffer  transport.o
    0x0801244c   0x0000003e   Code   RO         5855    i.unescape_http_url  http_server.o
    0x0801248a   0x00000028   Code   RO         3926    i.uxListRemove      list.o
    0x080124b2   0x00000002   PAD
    0x080124b4   0x0000001c   Code   RO         4134    i.uxTaskResetEventItemValue  tasks.o
    0x080124d0   0x0000001a   Code   RO         3927    i.vListInitialise   list.o
    0x080124ea   0x00000006   Code   RO         3928    i.vListInitialiseItem  list.o
    0x080124f0   0x00000034   Code   RO         3929    i.vListInsert       list.o
    0x08012524   0x00000018   Code   RO         3930    i.vListInsertEnd    list.o
    0x0801253c   0x0000003c   Code   RO            9    i.vPingTimerCallback  main.o
    0x08012578   0x00000044   Code   RO         4537    i.vPortEnterCritical  port.o
    0x080125bc   0x0000002c   Code   RO         4538    i.vPortExitCritical  port.o
    0x080125e8   0x00000078   Code   RO         4606    i.vPortFree         heap_4.o
    0x08012660   0x00000014   Code   RO         4539    i.vPortSetupTimerInterrupt  port.o
    0x08012674   0x0000005c   Code   RO         4540    i.vPortValidateInterruptPriority  port.o
    0x080126d0   0x00000018   Code   RO         4541    i.vPortYield        port.o
    0x080126e8   0x00000042   Code   RO         3974    i.vQueueWaitForMessageRestricted  queue.o
    0x0801272a   0x00000002   PAD
    0x0801272c   0x0000010c   Code   RO           10    i.vTaskCheckNet     main.o
    0x08012838   0x00000070   Code   RO         4135    i.vTaskDelay        tasks.o
    0x080128a8   0x0000000c   Code   RO         4139    i.vTaskMissedYield  tasks.o
    0x080128b4   0x00000110   Code   RO           11    i.vTaskMsgPro       main.o
    0x080129c4   0x00000070   Code   RO         4141    i.vTaskPlaceOnEventList  tasks.o
    0x08012a34   0x00000074   Code   RO         4142    i.vTaskPlaceOnEventListRestricted  tasks.o
    0x08012aa8   0x00000098   Code   RO         4143    i.vTaskPlaceOnUnorderedEventList  tasks.o
    0x08012b40   0x000000b0   Code   RO         4144    i.vTaskPriorityInherit  tasks.o
    0x08012bf0   0x00000024   Code   RO         4148    i.vTaskSetTimeOutState  tasks.o
    0x08012c14   0x00000154   Code   RO           12    i.vTaskStart        main.o
    0x08012d68   0x00000068   Code   RO         4149    i.vTaskStartScheduler  tasks.o
    0x08012dd0   0x00000010   Code   RO         4151    i.vTaskSuspendAll   tasks.o
    0x08012de0   0x00000080   Code   RO         4152    i.vTaskSwitchContext  tasks.o
    0x08012e60   0x00000064   Code   RO           13    i.vTaskTaskBleIF    main.o
    0x08012ec4   0x00000010   Code   RO           14    i.vTaskTaskWEB      main.o
    0x08012ed4   0x00000084   Code   RO         5401    i.wiz_recv_data     w5500.o
    0x08012f58   0x00000066   Code   RO         5402    i.wiz_recv_ignore   w5500.o
    0x08012fbe   0x00000084   Code   RO         5403    i.wiz_send_data     w5500.o
    0x08013042   0x00000006   Code   RO         5191    i.wizchip_bus_readbyte  wizchip_conf.o
    0x08013048   0x00000004   Code   RO         5192    i.wizchip_bus_writebyte  wizchip_conf.o
    0x0801304c   0x00000020   Code   RO         5193    i.wizchip_clrinterrupt  wizchip_conf.o
    0x0801306c   0x00000002   Code   RO         5194    i.wizchip_cris_enter  wizchip_conf.o
    0x0801306e   0x00000002   Code   RO         5195    i.wizchip_cris_exit  wizchip_conf.o
    0x08013070   0x00000002   Code   RO         5196    i.wizchip_cs_deselect  wizchip_conf.o
    0x08013072   0x00000002   Code   RO         5197    i.wizchip_cs_select  wizchip_conf.o
    0x08013074   0x0000002a   Code   RO         5198    i.wizchip_getinterrupt  wizchip_conf.o
    0x0801309e   0x00000028   Code   RO         5199    i.wizchip_getinterruptmask  wizchip_conf.o
    0x080130c6   0x00000002   PAD
    0x080130c8   0x0000005c   Code   RO         5200    i.wizchip_getnetinfo  wizchip_conf.o
    0x08013124   0x0000000a   Code   RO         5201    i.wizchip_getnetmode  wizchip_conf.o
    0x0801312e   0x00000028   Code   RO         5202    i.wizchip_gettimeout  wizchip_conf.o
    0x08013156   0x00000090   Code   RO         5203    i.wizchip_init      wizchip_conf.o
    0x080131e6   0x0000001e   Code   RO         5204    i.wizchip_setinterruptmask  wizchip_conf.o
    0x08013204   0x00000058   Code   RO         5205    i.wizchip_setnetinfo  wizchip_conf.o
    0x0801325c   0x00000026   Code   RO         5206    i.wizchip_setnetmode  wizchip_conf.o
    0x08013282   0x00000026   Code   RO         5207    i.wizchip_settimeout  wizchip_conf.o
    0x080132a8   0x00000004   Code   RO         5208    i.wizchip_spi_readbyte  wizchip_conf.o
    0x080132ac   0x00000002   Code   RO         5209    i.wizchip_spi_writebyte  wizchip_conf.o
    0x080132ae   0x00000072   Code   RO         5210    i.wizchip_sw_reset  wizchip_conf.o
    0x08013320   0x00000078   Code   RO         5211    i.wizphy_getphyconf  wizchip_conf.o
    0x08013398   0x0000001a   Code   RO         5212    i.wizphy_getphylink  wizchip_conf.o
    0x080133b2   0x0000001c   Code   RO         5213    i.wizphy_getphypmode  wizchip_conf.o
    0x080133ce   0x00000034   Code   RO         5215    i.wizphy_reset      wizchip_conf.o
    0x08013402   0x00000058   Code   RO         5216    i.wizphy_setphyconf  wizchip_conf.o
    0x0801345a   0x00000064   Code   RO         5217    i.wizphy_setphypmode  wizchip_conf.o
    0x080134be   0x00000028   Code   RO         4811    i.writeCString      mqttpacket.o
    0x080134e6   0x0000000c   Code   RO         4812    i.writeChar         mqttpacket.o
    0x080134f2   0x00000030   Code   RO         4813    i.writeInt          mqttpacket.o
    0x08013522   0x0000003e   Code   RO         4814    i.writeMQTTString   mqttpacket.o
    0x08013560   0x0000001a   Code   RO         3852    i.xEventGroupCreate  event_groups.o
    0x0801357a   0x000000b2   Code   RO         3854    i.xEventGroupSetBits  event_groups.o
    0x0801362c   0x0000010a   Code   RO         3856    i.xEventGroupWaitBits  event_groups.o
    0x08013736   0x00000002   PAD
    0x08013738   0x000000a0   Code   RO         4542    i.xPortStartScheduler  port.o
    0x080137d8   0x0000006a   Code   RO         3977    i.xQueueGenericCreate  queue.o
    0x08013842   0x0000015a   Code   RO         3978    i.xQueueGenericReceive  queue.o
    0x0801399c   0x00000078   Code   RO         3979    i.xQueueGenericReset  queue.o
    0x08013a14   0x00000142   Code   RO         3980    i.xQueueGenericSend  queue.o
    0x08013b56   0x000000ac   Code   RO         3981    i.xQueueGenericSendFromISR  queue.o
    0x08013c02   0x00000094   Code   RO         3982    i.xQueueGiveFromISR  queue.o
    0x08013c96   0x00000002   PAD
    0x08013c98   0x00000074   Code   RO         4153    i.xTaskCheckForTimeOut  tasks.o
    0x08013d0c   0x00000138   Code   RO         4154    i.xTaskGenericCreate  tasks.o
    0x08013e44   0x00000020   Code   RO         4158    i.xTaskGetSchedulerState  tasks.o
    0x08013e64   0x0000000c   Code   RO         4159    i.xTaskGetTickCount  tasks.o
    0x08013e70   0x0000013c   Code   RO         4161    i.xTaskIncrementTick  tasks.o
    0x08013fac   0x000000ac   Code   RO         4164    i.xTaskPriorityDisinherit  tasks.o
    0x08014058   0x0000008c   Code   RO         4165    i.xTaskRemoveFromEventList  tasks.o
    0x080140e4   0x00000094   Code   RO         4166    i.xTaskRemoveFromUnorderedEventList  tasks.o
    0x08014178   0x000000e8   Code   RO         4167    i.xTaskResumeAll    tasks.o
    0x08014260   0x00000050   Code   RO         4448    i.xTimerCreate      timers.o
    0x080142b0   0x0000004c   Code   RO         4449    i.xTimerCreateTimerTask  timers.o
    0x080142fc   0x00000074   Code   RO         4450    i.xTimerGenericCommand  timers.o
    0x08014370   0x00000258   Data   RO          730    .constdata          mqtt.o
    0x080145c8   0x00000210   Data   RO          791    .constdata          transport.o
    0x080147d8   0x00000220   Data   RO         1344    .constdata          bsp_mqtt_ota.o
    0x080149f8   0x00000276   Data   RO         5908    .constdata          httputil.o
    0x08014c6e   0x00000002   PAD
    0x08014c70   0x00000262   Data   RO         5977    .constdata          app_plat.o
    0x08014ed2   0x00000002   PAD
    0x08014ed4   0x00000210   Data   RO         6167    .constdata          app_nrf52832.o
    0x080150e4   0x0000022c   Data   RO         6255    .constdata          app_system.o
    0x08015310   0x00000204   Data   RO         6317    .constdata          app_device_alarm.o
    0x08015514   0x00000093   Data   RO         5858    .conststring        http_server.o
    0x080155a7   0x00000001   PAD
    0x080155a8   0x00000916   Data   RO         5909    .conststring        httputil.o
    0x08015ebe   0x00000002   PAD
    0x08015ec0   0x000000b4   Data   RO         6256    .conststring        app_system.o
    0x08015f74   0x00000020   Data   RO         6775    Region$$Table       anon$$obj.o


    Execution Region RW_IRAM1 (Base: 0x20000000, Size: 0x0000f0f8, Max: 0x00010000, ABSOLUTE, COMPRESSED[0x00000134])

    Base Addr    Size         Type   Attr      Idx    E Section Name        Object

    0x20000000   0x00000030   Data   RW           16    .data               main.o
    0x20000030   0x00000058   Data   RW          792    .data               transport.o
    0x20000088   0x00000004   Data   RW          984    .data               stm32f10x_it.o
    0x2000008c   0x00000064   Data   RW         1345    .data               bsp_mqtt_ota.o
    0x200000f0   0x00000014   Data   RW         1811    .data               stm32f10x_rcc.o
    0x20000104   0x00000038   Data   RW         4170    .data               tasks.o
    0x2000013c   0x00000010   Data   RW         4453    .data               timers.o
    0x2000014c   0x0000000c   Data   RW         4543    .data               port.o
    0x20000158   0x00000018   Data   RW         4611    .data               heap_4.o
    0x20000170   0x00000004   Data   RW         4815    .data               mqttpacket.o
    0x20000174   0x0000000e   Data   RW         5051    .data               socket.o
    0x20000182   0x00000002   PAD
    0x20000184   0x00000025   Data   RW         5218    .data               wizchip_conf.o
    0x200001a9   0x00000003   PAD
    0x200001ac   0x0000004c   Data   RW         5605    .data               dhcp.o
    0x200001f8   0x0000000d   Data   RW         5730    .data               dns.o
    0x20000205   0x00000003   PAD
    0x20000208   0x0000003e   Data   RW         5803    .data               ntp.o
    0x20000246   0x00000002   PAD
    0x20000248   0x00000158   Data   RW         5978    .data               app_plat.o
    0x200003a0   0x00000088   Data   RW         6104    .data               app_flash.o
    0x20000428   0x00000034   Data   RW         6168    .data               app_nrf52832.o
    0x2000045c   0x00000034   Data   RW         6318    .data               app_device_alarm.o
    0x20000490   0x00000004   Data   RW         6381    .data               mc_w.l(strtok.o)
    0x20000494   0x00000004   Data   RW         6744    .data               mc_w.l(stdout.o)
    0x20000498   0x00000800   Zero   RW          790    .bss                transport.o
    0x20000c98   0x00001650   Zero   RW         1083    .bss                bsp_uart_fifo.o
    0x200022e8   0x000000c8   Zero   RW         4169    .bss                tasks.o
    0x200023b0   0x00000028   Zero   RW         4452    .bss                timers.o
    0x200023d8   0x00006800   Zero   RW         4610    .bss                heap_4.o
    0x20008bd8   0x00000010   Zero   RW         5050    .bss                socket.o
    0x20008be8   0x00000030   Zero   RW         5801    .bss                ntp.o
    0x20008c18   0x00000f68   Zero   RW         5856    .bss                http_server.o
    0x20009b80   0x0000005c   Zero   RW         5907    .bss                httputil.o
    0x20009bdc   0x0000280c   Zero   RW         5976    .bss                app_plat.o
    0x2000c3e8   0x000000ec   Zero   RW         6102    .bss                app_flash.o
    0x2000c4d4   0x00001c20   Zero   RW         6166    .bss                app_nrf52832.o
    0x2000e0f4   0x00000004   PAD
    0x2000e0f8   0x00001000   Zero   RW         1604    STACK               startup_stm32f10x_hd.o


==============================================================================

Image component sizes


      Code (inc. data)   RO Data    RW Data    ZI Data      Debug   Object Name

       336         48        516         52          0       2087   app_device_alarm.o
       704         92          0        136        236       4884   app_flash.o
      2570        194        528         52       7200      11561   app_nrf52832.o
      4424        620        610        344      10252      21120   app_plat.o
      1360        290        736          0          0       6680   app_system.o
       290         44          0          0          0       3477   bsp.o
       332         24          0          0          0       3945   bsp_cpu_flash.o
       100         10          0          0          0        746   bsp_dma.o
        66          0          0          0          0       1135   bsp_iwdg.o
       150          6          0          0          0       1316   bsp_key.o
       348         26          0          0          0       2359   bsp_led.o
      1996        162        544        100          0       9591   bsp_mqtt_ota.o
      1258        100          0          0       5712      12289   bsp_uart_fifo.o
      4548        662          0         76          0      16134   dhcp.o
        16          4          0         13          0       2598   dns.o
       500          0          0          0          0       6067   event_groups.o
       624         64          0         24      26624       4279   heap_4.o
       914        406        147          0       3944       4605   http_server.o
      1120        152       2956          0         92       5335   httputil.o
       148          0          0          0          0       3454   list.o
      1980        410          0         48          0     346418   main.o
       132         22          0          0          0       1887   misc.o
       582         70        600          0          0       5592   mqtt.o
       708         18          0          0          0       5376   mqttconnectclient.o
       168          0          0          0          0       1734   mqttdeserializepublish.o
       636         18          0          4          0      10310   mqttpacket.o
       348          0          0          0          0       3597   mqttserializepublish.o
       222          0          0          0          0       2354   mqttsubscribeclient.o
      1528        112          0         62         48       5751   ntp.o
       670         86          0         12          0       8618   port.o
      1632          0          0          0          0      11590   queue.o
      2852         80          0         14         16       9107   socket.o
       364         38          0          0          0       4984   spi.o
        36          8        304          0       4096        972   startup_stm32f10x_hd.o
       416          8          0          0          0       3886   stm32f10x_dma.o
       200         18          0          0          0       2576   stm32f10x_exti.o
       286         36          0          0          0       4708   stm32f10x_flash.o
       512         10          0          0          0       5904   stm32f10x_gpio.o
       164         56          0          4          0       4537   stm32f10x_it.o
        68         30          0          0          0       3030   stm32f10x_iwdg.o
       540         78          0         20          0       9578   stm32f10x_rcc.o
        84          0          0          0          0       2481   stm32f10x_spi.o
       740        106          0          0          0       5783   stm32f10x_tim.o
       452          6          0          0          0       7696   stm32f10x_usart.o
       228         10          0          0          0       1209   system_stm32f10x.o
      3050        422          0         56        200      23469   tasks.o
       270          4          0          0          0       2296   timer.o
      1114         98          0         16         40      10102   timers.o
       698        136        528         88       2048       8063   transport.o
       276          6          0          0          0       3994   utility.o
       934         20          0          0          0       6894   w5500.o
      1638         84          0         37          0      23017   wizchip_conf.o

    ----------------------------------------------------------------------
     45388       4894       7508       1168      60512     671175   Object Totals
         0          0         32          0          0          0   (incl. Generated)
        56          0          7         10          4          0   (incl. Padding)

    ----------------------------------------------------------------------

      Code (inc. data)   RO Data    RW Data    ZI Data      Debug   Library Member Name

        86          0          0          0          0          0   __dczerorl2.o
         0          0          0          0          0          0   entry.o
         0          0          0          0          0          0   entry10a.o
         0          0          0          0          0          0   entry11a.o
         8          4          0          0          0          0   entry2.o
         4          0          0          0          0          0   entry5.o
         0          0          0          0          0          0   entry7b.o
         0          0          0          0          0          0   entry8b.o
         8          4          0          0          0          0   entry9a.o
        30          0          0          0          0          0   handlers.o
        36          8          0          0          0         68   init.o
         0          0          0          0          0          0   iusefp.o
        30          0          0          0          0         68   llshl.o
        36          0          0          0          0         68   llsshr.o
        32          0          0          0          0         68   llushr.o
        26          0          0          0          0         80   memcmp.o
        36          0          0          0          0         68   memcpya.o
        36          0          0          0          0        108   memseta.o
      2308         96          0          0          0        604   printfa.o
         0          0          0          4          0          0   stdout.o
        24          0          0          0          0         68   strcat.o
        28          0          0          0          0         76   strcmp.o
        18          0          0          0          0         68   strcpy.o
        14          0          0          0          0         68   strlen.o
        30          0          0          0          0         80   strncmp.o
        24          0          0          0          0         76   strncpy.o
        36          0          0          0          0         80   strstr.o
        68          6          0          4          0         80   strtok.o
        44          0          0          0          0         80   uidiv.o
        98          0          0          0          0         92   uldiv.o
        48          0          0          0          0         68   cdcmple.o
        48          0          0          0          0         68   cdrcmple.o
       334          0          0          0          0        148   dadd.o
       222          0          0          0          0        100   ddiv.o
       186          0          0          0          0        176   depilogue.o
        48          0          0          0          0         68   dfixul.o
       228          0          0          0          0         96   dmul.o
        38          0          0          0          0         68   f2d.o
       110          0          0          0          0        168   fepilogue.o
        10          0          0          0          0         68   ffltui.o

    ----------------------------------------------------------------------
      4340        118          0          8          0       2928   Library Totals
         8          0          0          0          0          0   (incl. Padding)

    ----------------------------------------------------------------------

      Code (inc. data)   RO Data    RW Data    ZI Data      Debug   Library Name

      3060        118          0          8          0       1900   mc_w.l
      1272          0          0          0          0       1028   mf_w.l

    ----------------------------------------------------------------------
      4340        118          0          8          0       2928   Library Totals

    ----------------------------------------------------------------------

==============================================================================


      Code (inc. data)   RO Data    RW Data    ZI Data      Debug   

     49728       5012       7508       1176      60512     653379   Grand Totals
     49728       5012       7508        308      60512     653379   ELF Image Totals (compressed)
     49728       5012       7508        308          0          0   ROM Totals

==============================================================================

    Total RO  Size (Code + RO Data)                57236 (  55.89kB)
    Total RW  Size (RW Data + ZI Data)             61688 (  60.24kB)
    Total ROM Size (Code + RO Data + RW Data)      57544 (  56.20kB)

==============================================================================

